[2021-11-30T23:29:52.543+0000][0.048s] Heap region size: 1M
[2021-11-30T23:29:52.611+0000][0.116s] Using G1
[2021-11-30T23:29:52.611+0000][0.117s] Heap address: 0x00000000e0000000, size: 512 MB, Compressed Oops mode: 32-bit
[2021-11-30T23:29:52.611+0000][0.117s] Mark closed archive regions in map: [0x00000000fff00000, 0x00000000fff63ff8]
[2021-11-30T23:29:52.612+0000][0.117s] Mark open archive regions in map: [0x00000000ffe00000, 0x00000000ffe41ff8]
[2021-11-30T23:29:53.063+0000][0.569s] GC(0) Pause Young (Normal) (G1 Evacuation Pause)
[2021-11-30T23:29:53.064+0000][0.570s] GC(0) Using 10 workers of 10 for evacuation
[2021-11-30T23:29:53.080+0000][0.585s] GC(0)   Pre Evacuate Collection Set: 0.0ms
[2021-11-30T23:29:53.080+0000][0.586s] GC(0)   Evacuate Collection Set: 7.3ms
[2021-11-30T23:29:53.080+0000][0.586s] GC(0)   Post Evacuate Collection Set: 0.8ms
[2021-11-30T23:29:53.080+0000][0.586s] GC(0)   Other: 8.9ms
[2021-11-30T23:29:53.080+0000][0.586s] GC(0) Eden regions: 30->0(304)
[2021-11-30T23:29:53.081+0000][0.586s] GC(0) Survivor regions: 0->3(4)
[2021-11-30T23:29:53.081+0000][0.586s] GC(0) Old regions: 2->2
[2021-11-30T23:29:53.081+0000][0.586s] GC(0) Humongous regions: 0->0
[2021-11-30T23:29:53.081+0000][0.587s] GC(0) Metaspace: 6488K->6488K(1056768K)
[2021-11-30T23:29:53.081+0000][0.587s] GC(0) Pause Young (Normal) (G1 Evacuation Pause) 30M->3M(512M) 18.075ms
[2021-11-30T23:29:53.081+0000][0.587s] GC(0) User=0.09s Sys=0.00s Real=0.02s
[2021-11-30T23:29:54.152+0000][1.658s] GC(1) Pause Young (Concurrent Start) (Metadata GC Threshold)
[2021-11-30T23:29:54.153+0000][1.658s] GC(1) Using 10 workers of 10 for evacuation
[2021-11-30T23:29:54.165+0000][1.671s] GC(1)   Pre Evacuate Collection Set: 0.0ms
[2021-11-30T23:29:54.165+0000][1.671s] GC(1)   Evacuate Collection Set: 11.1ms
[2021-11-30T23:29:54.165+0000][1.671s] GC(1)   Post Evacuate Collection Set: 0.9ms
[2021-11-30T23:29:54.166+0000][1.671s] GC(1)   Other: 0.6ms
[2021-11-30T23:29:54.166+0000][1.671s] GC(1) Eden regions: 94->0(84)
[2021-11-30T23:29:54.166+0000][1.671s] GC(1) Survivor regions: 3->19(39)
[2021-11-30T23:29:54.166+0000][1.672s] GC(1) Old regions: 2->2
[2021-11-30T23:29:54.166+0000][1.672s] GC(1) Humongous regions: 4->4
[2021-11-30T23:29:54.166+0000][1.672s] GC(1) Metaspace: 20549K->20549K(1069056K)
[2021-11-30T23:29:54.166+0000][1.672s] GC(1) Pause Young (Concurrent Start) (Metadata GC Threshold) 100M->23M(512M) 13.889ms
[2021-11-30T23:29:54.166+0000][1.672s] GC(1) User=0.08s Sys=0.01s Real=0.02s
[2021-11-30T23:29:54.167+0000][1.672s] GC(2) Concurrent Cycle
[2021-11-30T23:29:54.167+0000][1.673s] GC(2) Concurrent Clear Claimed Marks
[2021-11-30T23:29:54.167+0000][1.673s] GC(2) Concurrent Clear Claimed Marks 0.168ms
[2021-11-30T23:29:54.167+0000][1.673s] GC(2) Concurrent Scan Root Regions
[2021-11-30T23:29:54.171+0000][1.677s] GC(2) Concurrent Scan Root Regions 4.001ms
[2021-11-30T23:29:54.171+0000][1.677s] GC(2) Concurrent Mark (1.677s)
[2021-11-30T23:29:54.172+0000][1.677s] GC(2) Concurrent Mark From Roots
[2021-11-30T23:29:54.172+0000][1.677s] GC(2) Using 3 workers of 3 for marking
[2021-11-30T23:29:54.182+0000][1.687s] GC(2) Concurrent Mark From Roots 9.995ms
[2021-11-30T23:29:54.182+0000][1.688s] GC(2) Concurrent Preclean
[2021-11-30T23:29:54.182+0000][1.688s] GC(2) Concurrent Preclean 0.503ms
[2021-11-30T23:29:54.183+0000][1.688s] GC(2) Concurrent Mark (1.677s, 1.688s) 11.357ms
[2021-11-30T23:29:54.183+0000][1.689s] GC(2) Pause Remark
[2021-11-30T23:29:54.188+0000][1.694s] GC(2) Cleaned string and symbol table, strings: 9078 processed, 0 removed, symbols: 61340 processed, 40 removed
[2021-11-30T23:29:54.189+0000][1.694s] GC(2) Pause Remark 24M->24M(512M) 5.499ms
[2021-11-30T23:29:54.189+0000][1.695s] GC(2) User=0.04s Sys=0.00s Real=0.01s
[2021-11-30T23:29:54.189+0000][1.695s] GC(2) Concurrent Rebuild Remembered Sets
[2021-11-30T23:29:54.192+0000][1.698s] GC(2) Concurrent Rebuild Remembered Sets 3.145ms
[2021-11-30T23:29:54.193+0000][1.699s] GC(2) Pause Cleanup
[2021-11-30T23:29:54.193+0000][1.699s] GC(2) Pause Cleanup 25M->25M(512M) 0.434ms
[2021-11-30T23:29:54.193+0000][1.699s] GC(2) User=0.00s Sys=0.00s Real=0.00s
[2021-11-30T23:29:54.194+0000][1.699s] GC(2) Concurrent Cleanup for Next Mark
[2021-11-30T23:29:54.195+0000][1.700s] GC(2) Concurrent Cleanup for Next Mark 0.918ms
[2021-11-30T23:29:54.195+0000][1.700s] GC(2) Concurrent Cycle 28.131ms
[2021-11-30T23:29:54.854+0000][2.360s] GC(3) Pause Young (Normal) (G1 Evacuation Pause)
[2021-11-30T23:29:54.854+0000][2.360s] GC(3) Using 10 workers of 10 for evacuation
[2021-11-30T23:29:54.863+0000][2.368s] GC(3)   Pre Evacuate Collection Set: 0.0ms
[2021-11-30T23:29:54.863+0000][2.369s] GC(3)   Evacuate Collection Set: 7.2ms
[2021-11-30T23:29:54.863+0000][2.369s] GC(3)   Post Evacuate Collection Set: 0.8ms
[2021-11-30T23:29:54.863+0000][2.369s] GC(3)   Other: 0.7ms
[2021-11-30T23:29:54.864+0000][2.369s] GC(3) Eden regions: 78->0(107)
[2021-11-30T23:29:54.864+0000][2.370s] GC(3) Survivor regions: 19->5(13)
[2021-11-30T23:29:54.864+0000][2.370s] GC(3) Old regions: 2->21
[2021-11-30T23:29:54.864+0000][2.370s] GC(3) Humongous regions: 4->4
[2021-11-30T23:29:54.865+0000][2.370s] GC(3) Metaspace: 30260K->30260K(1077248K)
[2021-11-30T23:29:54.865+0000][2.370s] GC(3) Pause Young (Normal) (G1 Evacuation Pause) 101M->28M(512M) 10.866ms
[2021-11-30T23:29:54.865+0000][2.371s] GC(3) User=0.08s Sys=0.00s Real=0.01s
[2021-11-30T23:29:55.209+0000][2.715s] GC(4) Pause Young (Concurrent Start) (Metadata GC Threshold)
[2021-11-30T23:29:55.210+0000][2.715s] GC(4) Using 10 workers of 10 for evacuation
[2021-11-30T23:29:55.222+0000][2.727s] GC(4)   Pre Evacuate Collection Set: 0.1ms
[2021-11-30T23:29:55.222+0000][2.728s] GC(4)   Evacuate Collection Set: 11.2ms
[2021-11-30T23:29:55.222+0000][2.728s] GC(4)   Post Evacuate Collection Set: 0.6ms
[2021-11-30T23:29:55.222+0000][2.728s] GC(4)   Other: 0.7ms
[2021-11-30T23:29:55.223+0000][2.728s] GC(4) Eden regions: 49->0(114)
[2021-11-30T23:29:55.223+0000][2.728s] GC(4) Survivor regions: 5->6(14)
[2021-11-30T23:29:55.223+0000][2.729s] GC(4) Old regions: 21->21
[2021-11-30T23:29:55.223+0000][2.729s] GC(4) Humongous regions: 4->4
[2021-11-30T23:29:55.223+0000][2.729s] GC(4) Metaspace: 34953K->34953K(1081344K)
[2021-11-30T23:29:55.223+0000][2.729s] GC(4) Pause Young (Concurrent Start) (Metadata GC Threshold) 76M->29M(512M) 13.999ms
[2021-11-30T23:29:55.223+0000][2.729s] GC(4) User=0.12s Sys=0.00s Real=0.01s
[2021-11-30T23:29:55.224+0000][2.729s] GC(5) Concurrent Cycle
[2021-11-30T23:29:55.224+0000][2.730s] GC(5) Concurrent Clear Claimed Marks
[2021-11-30T23:29:55.224+0000][2.730s] GC(5) Concurrent Clear Claimed Marks 0.191ms
[2021-11-30T23:29:55.224+0000][2.730s] GC(5) Concurrent Scan Root Regions
[2021-11-30T23:29:55.227+0000][2.732s] GC(5) Concurrent Scan Root Regions 2.328ms
[2021-11-30T23:29:55.227+0000][2.732s] GC(5) Concurrent Mark (2.732s)
[2021-11-30T23:29:55.227+0000][2.733s] GC(5) Concurrent Mark From Roots
[2021-11-30T23:29:55.227+0000][2.733s] GC(5) Using 3 workers of 3 for marking
[2021-11-30T23:29:55.239+0000][2.744s] GC(5) Concurrent Mark From Roots 11.847ms
[2021-11-30T23:29:55.239+0000][2.745s] GC(5) Concurrent Preclean
[2021-11-30T23:29:55.240+0000][2.745s] GC(5) Concurrent Preclean 0.504ms
[2021-11-30T23:29:55.240+0000][2.745s] GC(5) Concurrent Mark (2.732s, 2.745s) 12.914ms
[2021-11-30T23:29:55.240+0000][2.746s] GC(5) Pause Remark
[2021-11-30T23:29:55.248+0000][2.754s] GC(5) Cleaned string and symbol table, strings: 15600 processed, 27 removed, symbols: 102504 processed, 125 removed
[2021-11-30T23:29:55.249+0000][2.754s] GC(5) Pause Remark 32M->32M(512M) 8.484ms
[2021-11-30T23:29:55.249+0000][2.755s] GC(5) User=0.09s Sys=0.00s Real=0.01s
[2021-11-30T23:29:55.249+0000][2.755s] GC(5) Concurrent Rebuild Remembered Sets
[2021-11-30T23:29:55.257+0000][2.763s] GC(5) Concurrent Rebuild Remembered Sets 7.691ms
[2021-11-30T23:29:55.257+0000][2.763s] GC(5) Pause Cleanup
[2021-11-30T23:29:55.258+0000][2.763s] GC(5) Pause Cleanup 33M->33M(512M) 0.417ms
[2021-11-30T23:29:55.258+0000][2.764s] GC(5) User=0.00s Sys=0.00s Real=0.00s
[2021-11-30T23:29:55.258+0000][2.764s] GC(5) Concurrent Cleanup for Next Mark
[2021-11-30T23:29:55.259+0000][2.765s] GC(5) Concurrent Cleanup for Next Mark 0.896ms
[2021-11-30T23:29:55.259+0000][2.765s] GC(5) Concurrent Cycle 35.554ms
[2021-11-30T23:29:56.049+0000][3.555s] GC(6) Pause Young (Normal) (G1 Evacuation Pause)
[2021-11-30T23:29:56.049+0000][3.555s] GC(6) Using 10 workers of 10 for evacuation
[2021-11-30T23:29:56.057+0000][3.562s] GC(6)   Pre Evacuate Collection Set: 0.0ms
[2021-11-30T23:29:56.057+0000][3.563s] GC(6)   Evacuate Collection Set: 3.9ms
[2021-11-30T23:29:56.057+0000][3.563s] GC(6)   Post Evacuate Collection Set: 3.0ms
[2021-11-30T23:29:56.058+0000][3.563s] GC(6)   Other: 0.6ms
[2021-11-30T23:29:56.058+0000][3.564s] GC(6) Eden regions: 114->0(158)
[2021-11-30T23:29:56.058+0000][3.564s] GC(6) Survivor regions: 6->10(15)
[2021-11-30T23:29:56.058+0000][3.564s] GC(6) Old regions: 21->21
[2021-11-30T23:29:56.059+0000][3.564s] GC(6) Humongous regions: 4->4
[2021-11-30T23:29:56.059+0000][3.565s] GC(6) Metaspace: 41334K->41334K(1087488K)
[2021-11-30T23:29:56.059+0000][3.565s] GC(6) Pause Young (Normal) (G1 Evacuation Pause) 143M->32M(512M) 9.895ms
[2021-11-30T23:29:56.059+0000][3.565s] GC(6) User=0.08s Sys=0.00s Real=0.01s
