[2021-11-30T23:19:58.502+0000][0.062s] Heap region size: 1M
[2021-11-30T23:19:58.606+0000][0.166s] Using G1
[2021-11-30T23:19:58.607+0000][0.166s] Heap address: 0x00000000e0000000, size: 512 MB, Compressed Oops mode: 32-bit
[2021-11-30T23:19:58.607+0000][0.167s] Mark closed archive regions in map: [0x00000000fff00000, 0x00000000fff63ff8]
[2021-11-30T23:19:58.607+0000][0.167s] Mark open archive regions in map: [0x00000000ffe00000, 0x00000000ffe41ff8]
[2021-11-30T23:19:59.077+0000][0.637s] GC(0) Pause Young (Normal) (G1 Evacuation Pause)
[2021-11-30T23:19:59.078+0000][0.638s] GC(0) Using 10 workers of 10 for evacuation
[2021-11-30T23:19:59.093+0000][0.653s] GC(0)   Pre Evacuate Collection Set: 0.0ms
[2021-11-30T23:19:59.093+0000][0.653s] GC(0)   Evacuate Collection Set: 6.5ms
[2021-11-30T23:19:59.093+0000][0.653s] GC(0)   Post Evacuate Collection Set: 0.7ms
[2021-11-30T23:19:59.093+0000][0.653s] GC(0)   Other: 8.9ms
[2021-11-30T23:19:59.093+0000][0.653s] GC(0) Eden regions: 30->0(304)
[2021-11-30T23:19:59.094+0000][0.653s] GC(0) Survivor regions: 0->3(4)
[2021-11-30T23:19:59.094+0000][0.653s] GC(0) Old regions: 2->2
[2021-11-30T23:19:59.094+0000][0.654s] GC(0) Humongous regions: 0->0
[2021-11-30T23:19:59.094+0000][0.654s] GC(0) Metaspace: 6473K->6473K(1056768K)
[2021-11-30T23:19:59.094+0000][0.654s] GC(0) Pause Young (Normal) (G1 Evacuation Pause) 30M->3M(512M) 17.355ms
[2021-11-30T23:19:59.094+0000][0.654s] GC(0) User=0.08s Sys=0.01s Real=0.01s
[2021-11-30T23:19:59.995+0000][1.555s] GC(1) Pause Young (Concurrent Start) (Metadata GC Threshold)
[2021-11-30T23:19:59.995+0000][1.555s] GC(1) Using 10 workers of 10 for evacuation
[2021-11-30T23:20:00.007+0000][1.567s] GC(1)   Pre Evacuate Collection Set: 0.0ms
[2021-11-30T23:20:00.008+0000][1.568s] GC(1)   Evacuate Collection Set: 10.5ms
[2021-11-30T23:20:00.008+0000][1.568s] GC(1)   Post Evacuate Collection Set: 1.0ms
[2021-11-30T23:20:00.008+0000][1.568s] GC(1)   Other: 0.8ms
[2021-11-30T23:20:00.009+0000][1.569s] GC(1) Eden regions: 93->0(91)
[2021-11-30T23:20:00.009+0000][1.569s] GC(1) Survivor regions: 3->20(39)
[2021-11-30T23:20:00.009+0000][1.569s] GC(1) Old regions: 2->2
[2021-11-30T23:20:00.010+0000][1.569s] GC(1) Humongous regions: 4->4
[2021-11-30T23:20:00.010+0000][1.570s] GC(1) Metaspace: 20452K->20452K(1069056K)
[2021-11-30T23:20:00.010+0000][1.570s] GC(1) Pause Young (Concurrent Start) (Metadata GC Threshold) 99M->23M(512M) 15.080ms
[2021-11-30T23:20:00.010+0000][1.570s] GC(1) User=0.08s Sys=0.00s Real=0.02s
[2021-11-30T23:20:00.011+0000][1.571s] GC(2) Concurrent Cycle
[2021-11-30T23:20:00.011+0000][1.571s] GC(2) Concurrent Clear Claimed Marks
[2021-11-30T23:20:00.011+0000][1.571s] GC(2) Concurrent Clear Claimed Marks 0.234ms
[2021-11-30T23:20:00.011+0000][1.571s] GC(2) Concurrent Scan Root Regions
[2021-11-30T23:20:00.015+0000][1.575s] GC(2) Concurrent Scan Root Regions 4.084ms
[2021-11-30T23:20:00.016+0000][1.576s] GC(2) Concurrent Mark (1.576s)
[2021-11-30T23:20:00.016+0000][1.576s] GC(2) Concurrent Mark From Roots
[2021-11-30T23:20:00.016+0000][1.576s] GC(2) Using 3 workers of 3 for marking
[2021-11-30T23:20:00.024+0000][1.584s] GC(2) Concurrent Mark From Roots 8.179ms
[2021-11-30T23:20:00.024+0000][1.584s] GC(2) Concurrent Preclean
[2021-11-30T23:20:00.025+0000][1.585s] GC(2) Concurrent Preclean 0.447ms
[2021-11-30T23:20:00.025+0000][1.585s] GC(2) Concurrent Mark (1.576s, 1.585s) 9.184ms
[2021-11-30T23:20:00.026+0000][1.585s] GC(2) Pause Remark
[2021-11-30T23:20:00.027+0000][1.587s] GC(2) Cleaned string and symbol table, strings: 9055 processed, 0 removed, symbols: 61239 processed, 38 removed
[2021-11-30T23:20:00.027+0000][1.587s] GC(2) Pause Remark 24M->24M(512M) 1.908ms
[2021-11-30T23:20:00.028+0000][1.587s] GC(2) User=0.00s Sys=0.00s Real=0.01s
[2021-11-30T23:20:00.028+0000][1.588s] GC(2) Concurrent Rebuild Remembered Sets
[2021-11-30T23:20:00.030+0000][1.589s] GC(2) Concurrent Rebuild Remembered Sets 1.779ms
[2021-11-30T23:20:00.030+0000][1.590s] GC(2) Pause Cleanup
[2021-11-30T23:20:00.031+0000][1.590s] GC(2) Pause Cleanup 25M->25M(512M) 0.465ms
[2021-11-30T23:20:00.031+0000][1.591s] GC(2) User=0.00s Sys=0.00s Real=0.00s
[2021-11-30T23:20:00.031+0000][1.591s] GC(2) Concurrent Cleanup for Next Mark
[2021-11-30T23:20:00.032+0000][1.592s] GC(2) Concurrent Cleanup for Next Mark 0.801ms
[2021-11-30T23:20:00.032+0000][1.592s] GC(2) Concurrent Cycle 21.470ms
[2021-11-30T23:20:00.864+0000][2.424s] GC(3) Pause Young (Normal) (G1 Evacuation Pause)
[2021-11-30T23:20:00.864+0000][2.424s] GC(3) Using 10 workers of 10 for evacuation
[2021-11-30T23:20:00.873+0000][2.433s] GC(3)   Pre Evacuate Collection Set: 0.0ms
[2021-11-30T23:20:00.873+0000][2.433s] GC(3)   Evacuate Collection Set: 7.9ms
[2021-11-30T23:20:00.874+0000][2.433s] GC(3)   Post Evacuate Collection Set: 0.8ms
[2021-11-30T23:20:00.874+0000][2.434s] GC(3)   Other: 0.5ms
[2021-11-30T23:20:00.874+0000][2.434s] GC(3) Eden regions: 79->0(110)
[2021-11-30T23:20:00.874+0000][2.434s] GC(3) Survivor regions: 20->5(13)
[2021-11-30T23:20:00.874+0000][2.434s] GC(3) Old regions: 2->21
[2021-11-30T23:20:00.874+0000][2.434s] GC(3) Humongous regions: 4->4
[2021-11-30T23:20:00.875+0000][2.434s] GC(3) Metaspace: 30166K->30166K(1077248K)
[2021-11-30T23:20:00.875+0000][2.434s] GC(3) Pause Young (Normal) (G1 Evacuation Pause) 102M->27M(512M) 10.644ms
[2021-11-30T23:20:00.875+0000][2.435s] GC(3) User=0.08s Sys=0.00s Real=0.01s
[2021-11-30T23:20:01.332+0000][2.892s] GC(4) Pause Young (Concurrent Start) (Metadata GC Threshold)
[2021-11-30T23:20:01.332+0000][2.892s] GC(4) Using 10 workers of 10 for evacuation
[2021-11-30T23:20:01.338+0000][2.897s] GC(4)   Pre Evacuate Collection Set: 0.1ms
[2021-11-30T23:20:01.338+0000][2.898s] GC(4)   Evacuate Collection Set: 4.5ms
[2021-11-30T23:20:01.338+0000][2.898s] GC(4)   Post Evacuate Collection Set: 0.5ms
[2021-11-30T23:20:01.338+0000][2.898s] GC(4)   Other: 0.5ms
[2021-11-30T23:20:01.338+0000][2.898s] GC(4) Eden regions: 49->0(118)
[2021-11-30T23:20:01.338+0000][2.898s] GC(4) Survivor regions: 5->6(15)
[2021-11-30T23:20:01.338+0000][2.898s] GC(4) Old regions: 21->21
[2021-11-30T23:20:01.339+0000][2.898s] GC(4) Humongous regions: 4->4
[2021-11-30T23:20:01.339+0000][2.898s] GC(4) Metaspace: 34907K->34907K(1081344K)
[2021-11-30T23:20:01.339+0000][2.899s] GC(4) Pause Young (Concurrent Start) (Metadata GC Threshold) 76M->28M(512M) 6.747ms
[2021-11-30T23:20:01.339+0000][2.899s] GC(4) User=0.05s Sys=0.01s Real=0.01s
[2021-11-30T23:20:01.339+0000][2.899s] GC(5) Concurrent Cycle
[2021-11-30T23:20:01.339+0000][2.899s] GC(5) Concurrent Clear Claimed Marks
[2021-11-30T23:20:01.339+0000][2.899s] GC(5) Concurrent Clear Claimed Marks 0.218ms
[2021-11-30T23:20:01.340+0000][2.899s] GC(5) Concurrent Scan Root Regions
[2021-11-30T23:20:01.342+0000][2.902s] GC(5) Concurrent Scan Root Regions 2.337ms
[2021-11-30T23:20:01.342+0000][2.902s] GC(5) Concurrent Mark (2.902s)
[2021-11-30T23:20:01.342+0000][2.902s] GC(5) Concurrent Mark From Roots
[2021-11-30T23:20:01.343+0000][2.902s] GC(5) Using 3 workers of 3 for marking
[2021-11-30T23:20:01.355+0000][2.915s] GC(5) Concurrent Mark From Roots 12.379ms
[2021-11-30T23:20:01.355+0000][2.915s] GC(5) Concurrent Preclean
[2021-11-30T23:20:01.356+0000][2.915s] GC(5) Concurrent Preclean 0.619ms
[2021-11-30T23:20:01.356+0000][2.916s] GC(5) Concurrent Mark (2.902s, 2.916s) 13.671ms
[2021-11-30T23:20:01.356+0000][2.916s] GC(5) Pause Remark
[2021-11-30T23:20:01.359+0000][2.919s] GC(5) Cleaned string and symbol table, strings: 15583 processed, 27 removed, symbols: 102329 processed, 121 removed
[2021-11-30T23:20:01.359+0000][2.919s] GC(5) Pause Remark 31M->31M(512M) 3.127ms
[2021-11-30T23:20:01.360+0000][2.919s] GC(5) User=0.01s Sys=0.00s Real=0.00s
[2021-11-30T23:20:01.360+0000][2.920s] GC(5) Concurrent Rebuild Remembered Sets
[2021-11-30T23:20:01.366+0000][2.926s] GC(5) Concurrent Rebuild Remembered Sets 6.352ms
[2021-11-30T23:20:01.367+0000][2.926s] GC(5) Pause Cleanup
[2021-11-30T23:20:01.367+0000][2.927s] GC(5) Pause Cleanup 32M->32M(512M) 0.396ms
[2021-11-30T23:20:01.367+0000][2.927s] GC(5) User=0.00s Sys=0.00s Real=0.00s
[2021-11-30T23:20:01.367+0000][2.927s] GC(5) Concurrent Cleanup for Next Mark
[2021-11-30T23:20:01.368+0000][2.928s] GC(5) Concurrent Cleanup for Next Mark 0.922ms
[2021-11-30T23:20:01.368+0000][2.928s] GC(5) Concurrent Cycle 29.390ms
[2021-11-30T23:20:02.205+0000][3.765s] GC(6) Pause Young (Normal) (G1 Evacuation Pause)
[2021-11-30T23:20:02.205+0000][3.765s] GC(6) Using 10 workers of 10 for evacuation
[2021-11-30T23:20:02.212+0000][3.772s] GC(6)   Pre Evacuate Collection Set: 0.0ms
[2021-11-30T23:20:02.213+0000][3.772s] GC(6)   Evacuate Collection Set: 3.3ms
[2021-11-30T23:20:02.213+0000][3.773s] GC(6)   Post Evacuate Collection Set: 3.2ms
[2021-11-30T23:20:02.213+0000][3.773s] GC(6)   Other: 0.7ms
[2021-11-30T23:20:02.213+0000][3.773s] GC(6) Eden regions: 118->0(175)
[2021-11-30T23:20:02.214+0000][3.773s] GC(6) Survivor regions: 6->9(16)
[2021-11-30T23:20:02.214+0000][3.774s] GC(6) Old regions: 21->21
[2021-11-30T23:20:02.214+0000][3.774s] GC(6) Humongous regions: 4->4
[2021-11-30T23:20:02.214+0000][3.774s] GC(6) Metaspace: 41441K->41441K(1087488K)
[2021-11-30T23:20:02.214+0000][3.774s] GC(6) Pause Young (Normal) (G1 Evacuation Pause) 146M->32M(512M) 9.435ms
[2021-11-30T23:20:02.215+0000][3.774s] GC(6) User=0.06s Sys=0.01s Real=0.01s
[2021-11-30T23:21:36.468+0000][98.028s] Heap
[2021-11-30T23:21:36.469+0000][98.028s]  garbage-first heap   total 524288K, used 109584K [0x00000000e0000000, 0x0000000100000000)
[2021-11-30T23:21:36.469+0000][98.029s]   region size 1024K, 82 young (83968K), 9 survivors (9216K)
[2021-11-30T23:21:36.469+0000][98.029s]  Metaspace       used 48848K, capacity 50129K, committed 50332K, reserved 1093632K
[2021-11-30T23:21:36.469+0000][98.029s]   class space    used 6031K, capacity 6561K, committed 6680K, reserved 1048576K
