[2021-11-30T23:15:14.642+0000][0.037s] Heap region size: 1M
[2021-11-30T23:15:14.715+0000][0.110s] Using G1
[2021-11-30T23:15:14.716+0000][0.110s] Heap address: 0x00000000e0000000, size: 512 MB, Compressed Oops mode: 32-bit
[2021-11-30T23:15:14.716+0000][0.111s] Mark closed archive regions in map: [0x00000000fff00000, 0x00000000fff63ff8]
[2021-11-30T23:15:14.717+0000][0.111s] Mark open archive regions in map: [0x00000000ffe00000, 0x00000000ffe41ff8]
[2021-11-30T23:15:15.096+0000][0.491s] GC(0) Pause Young (Normal) (G1 Evacuation Pause)
[2021-11-30T23:15:15.098+0000][0.493s] GC(0) Using 10 workers of 10 for evacuation
[2021-11-30T23:15:15.114+0000][0.508s] GC(0)   Pre Evacuate Collection Set: 0.0ms
[2021-11-30T23:15:15.114+0000][0.509s] GC(0)   Evacuate Collection Set: 6.8ms
[2021-11-30T23:15:15.114+0000][0.509s] GC(0)   Post Evacuate Collection Set: 0.8ms
[2021-11-30T23:15:15.115+0000][0.509s] GC(0)   Other: 9.9ms
[2021-11-30T23:15:15.115+0000][0.510s] GC(0) Eden regions: 30->0(304)
[2021-11-30T23:15:15.115+0000][0.510s] GC(0) Survivor regions: 0->3(4)
[2021-11-30T23:15:15.115+0000][0.510s] GC(0) Old regions: 2->2
[2021-11-30T23:15:15.116+0000][0.510s] GC(0) Humongous regions: 0->0
[2021-11-30T23:15:15.116+0000][0.511s] GC(0) Metaspace: 6472K->6472K(1056768K)
[2021-11-30T23:15:15.116+0000][0.511s] GC(0) Pause Young (Normal) (G1 Evacuation Pause) 30M->3M(512M) 20.124ms
[2021-11-30T23:15:15.117+0000][0.511s] GC(0) User=0.07s Sys=0.01s Real=0.02s
[2021-11-30T23:15:15.946+0000][1.341s] GC(1) Pause Young (Concurrent Start) (Metadata GC Threshold)
[2021-11-30T23:15:15.946+0000][1.341s] GC(1) Using 10 workers of 10 for evacuation
[2021-11-30T23:15:15.959+0000][1.354s] GC(1)   Pre Evacuate Collection Set: 0.0ms
[2021-11-30T23:15:15.959+0000][1.354s] GC(1)   Evacuate Collection Set: 11.4ms
[2021-11-30T23:15:15.960+0000][1.354s] GC(1)   Post Evacuate Collection Set: 1.0ms
[2021-11-30T23:15:15.960+0000][1.355s] GC(1)   Other: 0.7ms
[2021-11-30T23:15:15.960+0000][1.355s] GC(1) Eden regions: 94->0(88)
[2021-11-30T23:15:15.960+0000][1.355s] GC(1) Survivor regions: 3->20(39)
[2021-11-30T23:15:15.961+0000][1.355s] GC(1) Old regions: 2->2
[2021-11-30T23:15:15.961+0000][1.356s] GC(1) Humongous regions: 4->4
[2021-11-30T23:15:15.961+0000][1.356s] GC(1) Metaspace: 20512K->20512K(1069056K)
[2021-11-30T23:15:15.961+0000][1.356s] GC(1) Pause Young (Concurrent Start) (Metadata GC Threshold) 100M->24M(512M) 15.516ms
[2021-11-30T23:15:15.962+0000][1.356s] GC(1) User=0.08s Sys=0.00s Real=0.01s
[2021-11-30T23:15:15.962+0000][1.356s] GC(2) Concurrent Cycle
[2021-11-30T23:15:15.962+0000][1.357s] GC(2) Concurrent Clear Claimed Marks
[2021-11-30T23:15:15.962+0000][1.357s] GC(2) Concurrent Clear Claimed Marks 0.172ms
[2021-11-30T23:15:15.962+0000][1.357s] GC(2) Concurrent Scan Root Regions
[2021-11-30T23:15:15.966+0000][1.361s] GC(2) Concurrent Scan Root Regions 4.178ms
[2021-11-30T23:15:15.967+0000][1.361s] GC(2) Concurrent Mark (1.361s)
[2021-11-30T23:15:15.967+0000][1.362s] GC(2) Concurrent Mark From Roots
[2021-11-30T23:15:15.967+0000][1.362s] GC(2) Using 3 workers of 3 for marking
[2021-11-30T23:15:15.977+0000][1.372s] GC(2) Concurrent Mark From Roots 9.971ms
[2021-11-30T23:15:15.977+0000][1.372s] GC(2) Concurrent Preclean
[2021-11-30T23:15:15.978+0000][1.372s] GC(2) Concurrent Preclean 0.486ms
[2021-11-30T23:15:15.978+0000][1.373s] GC(2) Concurrent Mark (1.361s, 1.373s) 11.108ms
[2021-11-30T23:15:15.978+0000][1.373s] GC(2) Pause Remark
[2021-11-30T23:15:15.980+0000][1.375s] GC(2) Cleaned string and symbol table, strings: 9063 processed, 0 removed, symbols: 61269 processed, 38 removed
[2021-11-30T23:15:15.980+0000][1.375s] GC(2) Pause Remark 25M->25M(512M) 2.216ms
[2021-11-30T23:15:15.981+0000][1.375s] GC(2) User=0.01s Sys=0.00s Real=0.00s
[2021-11-30T23:15:15.981+0000][1.375s] GC(2) Concurrent Rebuild Remembered Sets
[2021-11-30T23:15:15.983+0000][1.377s] GC(2) Concurrent Rebuild Remembered Sets 1.950ms
[2021-11-30T23:15:15.983+0000][1.378s] GC(2) Pause Cleanup
[2021-11-30T23:15:15.984+0000][1.379s] GC(2) Pause Cleanup 25M->25M(512M) 0.519ms
[2021-11-30T23:15:15.984+0000][1.379s] GC(2) User=0.00s Sys=0.00s Real=0.00s
[2021-11-30T23:15:15.984+0000][1.379s] GC(2) Concurrent Cleanup for Next Mark
[2021-11-30T23:15:15.985+0000][1.380s] GC(2) Concurrent Cleanup for Next Mark 0.780ms
[2021-11-30T23:15:15.985+0000][1.380s] GC(2) Concurrent Cycle 23.696ms
[2021-11-30T23:15:16.669+0000][2.064s] GC(3) Pause Young (Normal) (G1 Evacuation Pause)
[2021-11-30T23:15:16.669+0000][2.064s] GC(3) Using 10 workers of 10 for evacuation
[2021-11-30T23:15:16.688+0000][2.082s] GC(3)   Pre Evacuate Collection Set: 0.0ms
[2021-11-30T23:15:16.688+0000][2.082s] GC(3)   Evacuate Collection Set: 12.8ms
[2021-11-30T23:15:16.688+0000][2.083s] GC(3)   Post Evacuate Collection Set: 5.0ms
[2021-11-30T23:15:16.688+0000][2.083s] GC(3)   Other: 0.6ms
[2021-11-30T23:15:16.688+0000][2.083s] GC(3) Eden regions: 78->0(110)
[2021-11-30T23:15:16.688+0000][2.083s] GC(3) Survivor regions: 20->5(13)
[2021-11-30T23:15:16.689+0000][2.083s] GC(3) Old regions: 2->21
[2021-11-30T23:15:16.689+0000][2.083s] GC(3) Humongous regions: 4->4
[2021-11-30T23:15:16.689+0000][2.084s] GC(3) Metaspace: 30316K->30316K(1077248K)
[2021-11-30T23:15:16.689+0000][2.084s] GC(3) Pause Young (Normal) (G1 Evacuation Pause) 102M->27M(512M) 19.924ms
[2021-11-30T23:15:16.689+0000][2.084s] GC(3) User=0.15s Sys=0.01s Real=0.02s
[2021-11-30T23:15:17.119+0000][2.514s] GC(4) Pause Young (Concurrent Start) (Metadata GC Threshold)
[2021-11-30T23:15:17.119+0000][2.514s] GC(4) Using 10 workers of 10 for evacuation
[2021-11-30T23:15:17.125+0000][2.520s] GC(4)   Pre Evacuate Collection Set: 0.1ms
[2021-11-30T23:15:17.126+0000][2.520s] GC(4)   Evacuate Collection Set: 5.2ms
[2021-11-30T23:15:17.126+0000][2.520s] GC(4)   Post Evacuate Collection Set: 0.5ms
[2021-11-30T23:15:17.126+0000][2.521s] GC(4)   Other: 0.6ms
[2021-11-30T23:15:17.126+0000][2.521s] GC(4) Eden regions: 48->0(130)
[2021-11-30T23:15:17.126+0000][2.521s] GC(4) Survivor regions: 5->6(15)
[2021-11-30T23:15:17.126+0000][2.521s] GC(4) Old regions: 21->21
[2021-11-30T23:15:17.126+0000][2.521s] GC(4) Humongous regions: 4->4
[2021-11-30T23:15:17.126+0000][2.521s] GC(4) Metaspace: 34965K->34965K(1081344K)
[2021-11-30T23:15:17.127+0000][2.521s] GC(4) Pause Young (Concurrent Start) (Metadata GC Threshold) 75M->29M(512M) 7.669ms
[2021-11-30T23:15:17.127+0000][2.521s] GC(4) User=0.04s Sys=0.00s Real=0.01s
[2021-11-30T23:15:17.127+0000][2.522s] GC(5) Concurrent Cycle
[2021-11-30T23:15:17.127+0000][2.522s] GC(5) Concurrent Clear Claimed Marks
[2021-11-30T23:15:17.127+0000][2.522s] GC(5) Concurrent Clear Claimed Marks 0.229ms
[2021-11-30T23:15:17.127+0000][2.522s] GC(5) Concurrent Scan Root Regions
[2021-11-30T23:15:17.130+0000][2.525s] GC(5) Concurrent Scan Root Regions 2.560ms
[2021-11-30T23:15:17.130+0000][2.525s] GC(5) Concurrent Mark (2.525s)
[2021-11-30T23:15:17.130+0000][2.525s] GC(5) Concurrent Mark From Roots
[2021-11-30T23:15:17.131+0000][2.525s] GC(5) Using 3 workers of 3 for marking
[2021-11-30T23:15:17.143+0000][2.538s] GC(5) Concurrent Mark From Roots 12.605ms
[2021-11-30T23:15:17.143+0000][2.538s] GC(5) Concurrent Preclean
[2021-11-30T23:15:17.144+0000][2.538s] GC(5) Concurrent Preclean 0.438ms
[2021-11-30T23:15:17.144+0000][2.538s] GC(5) Concurrent Mark (2.525s, 2.538s) 13.538ms
[2021-11-30T23:15:17.144+0000][2.539s] GC(5) Pause Remark
[2021-11-30T23:15:17.146+0000][2.541s] GC(5) Cleaned string and symbol table, strings: 15731 processed, 27 removed, symbols: 102906 processed, 127 removed
[2021-11-30T23:15:17.147+0000][2.542s] GC(5) Pause Remark 31M->31M(512M) 2.834ms
[2021-11-30T23:15:17.147+0000][2.542s] GC(5) User=0.03s Sys=0.00s Real=0.01s
[2021-11-30T23:15:17.147+0000][2.542s] GC(5) Concurrent Rebuild Remembered Sets
[2021-11-30T23:15:17.152+0000][2.547s] GC(5) Concurrent Rebuild Remembered Sets 5.257ms
[2021-11-30T23:15:17.153+0000][2.548s] GC(5) Pause Cleanup
[2021-11-30T23:15:17.153+0000][2.548s] GC(5) Pause Cleanup 32M->32M(512M) 0.339ms
[2021-11-30T23:15:17.153+0000][2.548s] GC(5) User=0.01s Sys=0.00s Real=0.00s
[2021-11-30T23:15:17.154+0000][2.548s] GC(5) Concurrent Cleanup for Next Mark
[2021-11-30T23:15:17.154+0000][2.549s] GC(5) Concurrent Cleanup for Next Mark 0.884ms
[2021-11-30T23:15:17.155+0000][2.549s] GC(5) Concurrent Cycle 27.791ms
[2021-11-30T23:15:18.102+0000][3.497s] GC(6) Pause Young (Normal) (G1 Evacuation Pause)
[2021-11-30T23:15:18.102+0000][3.497s] GC(6) Using 10 workers of 10 for evacuation
[2021-11-30T23:15:18.108+0000][3.503s] GC(6)   Pre Evacuate Collection Set: 0.0ms
[2021-11-30T23:15:18.109+0000][3.503s] GC(6)   Evacuate Collection Set: 3.9ms
[2021-11-30T23:15:18.109+0000][3.504s] GC(6)   Post Evacuate Collection Set: 1.6ms
[2021-11-30T23:15:18.109+0000][3.504s] GC(6)   Other: 0.5ms
[2021-11-30T23:15:18.109+0000][3.504s] GC(6) Eden regions: 130->0(185)
[2021-11-30T23:15:18.109+0000][3.504s] GC(6) Survivor regions: 6->12(17)
[2021-11-30T23:15:18.110+0000][3.504s] GC(6) Old regions: 21->21
[2021-11-30T23:15:18.110+0000][3.505s] GC(6) Humongous regions: 4->4
[2021-11-30T23:15:18.110+0000][3.505s] GC(6) Metaspace: 42799K->42799K(1087488K)
[2021-11-30T23:15:18.110+0000][3.505s] GC(6) Pause Young (Normal) (G1 Evacuation Pause) 159M->35M(512M) 8.261ms
[2021-11-30T23:15:18.111+0000][3.505s] GC(6) User=0.07s Sys=0.00s Real=0.01s
[2021-11-30T23:17:25.506+0000][130.901s] Heap
[2021-11-30T23:17:25.506+0000][130.901s]  garbage-first heap   total 524288K, used 120836K [0x00000000e0000000, 0x0000000100000000)
[2021-11-30T23:17:25.506+0000][130.901s]   region size 1024K, 94 young (96256K), 12 survivors (12288K)
[2021-11-30T23:17:25.507+0000][130.901s]  Metaspace       used 50221K, capacity 51523K, committed 51740K, reserved 1093632K
[2021-11-30T23:17:25.507+0000][130.901s]   class space    used 6218K, capacity 6728K, committed 6808K, reserved 1048576K
