[2021-11-30T23:24:19.821+0000][0.048s] Heap region size: 1M
[2021-11-30T23:24:19.895+0000][0.122s] Using G1
[2021-11-30T23:24:19.895+0000][0.122s] Heap address: 0x00000000e0000000, size: 512 MB, Compressed Oops mode: 32-bit
[2021-11-30T23:24:19.896+0000][0.123s] Mark closed archive regions in map: [0x00000000fff00000, 0x00000000fff63ff8]
[2021-11-30T23:24:19.896+0000][0.123s] Mark open archive regions in map: [0x00000000ffe00000, 0x00000000ffe41ff8]
[2021-11-30T23:24:20.259+0000][0.486s] GC(0) Pause Young (Normal) (G1 Evacuation Pause)
[2021-11-30T23:24:20.261+0000][0.488s] GC(0) Using 10 workers of 10 for evacuation
[2021-11-30T23:24:20.274+0000][0.501s] GC(0)   Pre Evacuate Collection Set: 0.0ms
[2021-11-30T23:24:20.274+0000][0.501s] GC(0)   Evacuate Collection Set: 5.3ms
[2021-11-30T23:24:20.275+0000][0.502s] GC(0)   Post Evacuate Collection Set: 0.6ms
[2021-11-30T23:24:20.275+0000][0.502s] GC(0)   Other: 9.1ms
[2021-11-30T23:24:20.275+0000][0.502s] GC(0) Eden regions: 30->0(304)
[2021-11-30T23:24:20.275+0000][0.502s] GC(0) Survivor regions: 0->3(4)
[2021-11-30T23:24:20.275+0000][0.502s] GC(0) Old regions: 2->2
[2021-11-30T23:24:20.276+0000][0.503s] GC(0) Humongous regions: 0->0
[2021-11-30T23:24:20.276+0000][0.503s] GC(0) Metaspace: 6475K->6475K(1056768K)
[2021-11-30T23:24:20.276+0000][0.503s] GC(0) Pause Young (Normal) (G1 Evacuation Pause) 30M->3M(512M) 16.902ms
[2021-11-30T23:24:20.276+0000][0.503s] GC(0) User=0.06s Sys=0.01s Real=0.02s
[2021-11-30T23:24:21.132+0000][1.359s] GC(1) Pause Young (Concurrent Start) (Metadata GC Threshold)
[2021-11-30T23:24:21.133+0000][1.359s] GC(1) Using 10 workers of 10 for evacuation
[2021-11-30T23:24:21.144+0000][1.371s] GC(1)   Pre Evacuate Collection Set: 0.0ms
[2021-11-30T23:24:21.144+0000][1.371s] GC(1)   Evacuate Collection Set: 10.1ms
[2021-11-30T23:24:21.145+0000][1.372s] GC(1)   Post Evacuate Collection Set: 1.1ms
[2021-11-30T23:24:21.145+0000][1.372s] GC(1)   Other: 0.7ms
[2021-11-30T23:24:21.145+0000][1.372s] GC(1) Eden regions: 94->0(85)
[2021-11-30T23:24:21.145+0000][1.372s] GC(1) Survivor regions: 3->19(39)
[2021-11-30T23:24:21.145+0000][1.372s] GC(1) Old regions: 2->2
[2021-11-30T23:24:21.145+0000][1.372s] GC(1) Humongous regions: 4->4
[2021-11-30T23:24:21.145+0000][1.372s] GC(1) Metaspace: 20526K->20526K(1069056K)
[2021-11-30T23:24:21.146+0000][1.373s] GC(1) Pause Young (Concurrent Start) (Metadata GC Threshold) 100M->23M(512M) 13.395ms
[2021-11-30T23:24:21.146+0000][1.373s] GC(1) User=0.08s Sys=0.00s Real=0.01s
[2021-11-30T23:24:21.146+0000][1.373s] GC(2) Concurrent Cycle
[2021-11-30T23:24:21.146+0000][1.373s] GC(2) Concurrent Clear Claimed Marks
[2021-11-30T23:24:21.146+0000][1.373s] GC(2) Concurrent Clear Claimed Marks 0.172ms
[2021-11-30T23:24:21.146+0000][1.373s] GC(2) Concurrent Scan Root Regions
[2021-11-30T23:24:21.151+0000][1.378s] GC(2) Concurrent Scan Root Regions 4.466ms
[2021-11-30T23:24:21.151+0000][1.378s] GC(2) Concurrent Mark (1.378s)
[2021-11-30T23:24:21.151+0000][1.378s] GC(2) Concurrent Mark From Roots
[2021-11-30T23:24:21.151+0000][1.378s] GC(2) Using 3 workers of 3 for marking
[2021-11-30T23:24:21.162+0000][1.389s] GC(2) Concurrent Mark From Roots 10.349ms
[2021-11-30T23:24:21.162+0000][1.389s] GC(2) Concurrent Preclean
[2021-11-30T23:24:21.162+0000][1.389s] GC(2) Concurrent Preclean 0.580ms
[2021-11-30T23:24:21.163+0000][1.390s] GC(2) Concurrent Mark (1.378s, 1.390s) 11.524ms
[2021-11-30T23:24:21.163+0000][1.390s] GC(2) Pause Remark
[2021-11-30T23:24:21.165+0000][1.392s] GC(2) Cleaned string and symbol table, strings: 9102 processed, 0 removed, symbols: 61348 processed, 40 removed
[2021-11-30T23:24:21.165+0000][1.392s] GC(2) Pause Remark 25M->25M(512M) 2.281ms
[2021-11-30T23:24:21.166+0000][1.393s] GC(2) User=0.02s Sys=0.01s Real=0.00s
[2021-11-30T23:24:21.166+0000][1.393s] GC(2) Concurrent Rebuild Remembered Sets
[2021-11-30T23:24:21.168+0000][1.395s] GC(2) Concurrent Rebuild Remembered Sets 1.848ms
[2021-11-30T23:24:21.168+0000][1.395s] GC(2) Pause Cleanup
[2021-11-30T23:24:21.169+0000][1.396s] GC(2) Pause Cleanup 25M->25M(512M) 0.404ms
[2021-11-30T23:24:21.169+0000][1.396s] GC(2) User=0.00s Sys=0.00s Real=0.00s
[2021-11-30T23:24:21.169+0000][1.396s] GC(2) Concurrent Cleanup for Next Mark
[2021-11-30T23:24:21.170+0000][1.397s] GC(2) Concurrent Cleanup for Next Mark 0.730ms
[2021-11-30T23:24:21.170+0000][1.397s] GC(2) Concurrent Cycle 24.087ms
[2021-11-30T23:24:21.841+0000][2.068s] GC(3) Pause Young (Normal) (G1 Evacuation Pause)
[2021-11-30T23:24:21.841+0000][2.068s] GC(3) Using 10 workers of 10 for evacuation
[2021-11-30T23:24:21.849+0000][2.076s] GC(3)   Pre Evacuate Collection Set: 0.0ms
[2021-11-30T23:24:21.850+0000][2.077s] GC(3)   Evacuate Collection Set: 7.0ms
[2021-11-30T23:24:21.850+0000][2.077s] GC(3)   Post Evacuate Collection Set: 0.8ms
[2021-11-30T23:24:21.850+0000][2.077s] GC(3)   Other: 0.7ms
[2021-11-30T23:24:21.850+0000][2.077s] GC(3) Eden regions: 78->0(108)
[2021-11-30T23:24:21.851+0000][2.078s] GC(3) Survivor regions: 19->5(13)
[2021-11-30T23:24:21.851+0000][2.078s] GC(3) Old regions: 2->21
[2021-11-30T23:24:21.851+0000][2.078s] GC(3) Humongous regions: 4->4
[2021-11-30T23:24:21.852+0000][2.078s] GC(3) Metaspace: 30253K->30253K(1077248K)
[2021-11-30T23:24:21.852+0000][2.079s] GC(3) Pause Young (Normal) (G1 Evacuation Pause) 101M->28M(512M) 10.991ms
[2021-11-30T23:24:21.852+0000][2.079s] GC(3) User=0.08s Sys=0.00s Real=0.01s
[2021-11-30T23:24:22.185+0000][2.412s] GC(4) Pause Young (Concurrent Start) (Metadata GC Threshold)
[2021-11-30T23:24:22.185+0000][2.412s] GC(4) Using 10 workers of 10 for evacuation
[2021-11-30T23:24:22.190+0000][2.417s] GC(4)   Pre Evacuate Collection Set: 0.1ms
[2021-11-30T23:24:22.190+0000][2.417s] GC(4)   Evacuate Collection Set: 4.3ms
[2021-11-30T23:24:22.191+0000][2.418s] GC(4)   Post Evacuate Collection Set: 0.5ms
[2021-11-30T23:24:22.191+0000][2.418s] GC(4)   Other: 0.5ms
[2021-11-30T23:24:22.191+0000][2.418s] GC(4) Eden regions: 49->0(110)
[2021-11-30T23:24:22.191+0000][2.418s] GC(4) Survivor regions: 5->6(15)
[2021-11-30T23:24:22.191+0000][2.418s] GC(4) Old regions: 21->21
[2021-11-30T23:24:22.192+0000][2.419s] GC(4) Humongous regions: 4->4
[2021-11-30T23:24:22.192+0000][2.419s] GC(4) Metaspace: 34960K->34960K(1081344K)
[2021-11-30T23:24:22.192+0000][2.419s] GC(4) Pause Young (Concurrent Start) (Metadata GC Threshold) 76M->28M(512M) 7.054ms
[2021-11-30T23:24:22.192+0000][2.419s] GC(4) User=0.05s Sys=0.00s Real=0.01s
[2021-11-30T23:24:22.192+0000][2.419s] GC(5) Concurrent Cycle
[2021-11-30T23:24:22.192+0000][2.419s] GC(5) Concurrent Clear Claimed Marks
[2021-11-30T23:24:22.193+0000][2.420s] GC(5) Concurrent Clear Claimed Marks 0.187ms
[2021-11-30T23:24:22.193+0000][2.420s] GC(5) Concurrent Scan Root Regions
[2021-11-30T23:24:22.195+0000][2.422s] GC(5) Concurrent Scan Root Regions 2.140ms
[2021-11-30T23:24:22.195+0000][2.422s] GC(5) Concurrent Mark (2.422s)
[2021-11-30T23:24:22.195+0000][2.422s] GC(5) Concurrent Mark From Roots
[2021-11-30T23:24:22.195+0000][2.422s] GC(5) Using 3 workers of 3 for marking
[2021-11-30T23:24:22.206+0000][2.433s] GC(5) Concurrent Mark From Roots 10.904ms
[2021-11-30T23:24:22.206+0000][2.433s] GC(5) Concurrent Preclean
[2021-11-30T23:24:22.207+0000][2.434s] GC(5) Concurrent Preclean 0.512ms
[2021-11-30T23:24:22.207+0000][2.434s] GC(5) Concurrent Mark (2.422s, 2.434s) 12.046ms
[2021-11-30T23:24:22.208+0000][2.435s] GC(5) Pause Remark
[2021-11-30T23:24:22.213+0000][2.440s] GC(5) Cleaned string and symbol table, strings: 15602 processed, 27 removed, symbols: 102494 processed, 123 removed
[2021-11-30T23:24:22.213+0000][2.440s] GC(5) Pause Remark 31M->31M(512M) 5.619ms
[2021-11-30T23:24:22.214+0000][2.441s] GC(5) User=0.03s Sys=0.00s Real=0.00s
[2021-11-30T23:24:22.214+0000][2.441s] GC(5) Concurrent Rebuild Remembered Sets
[2021-11-30T23:24:22.221+0000][2.448s] GC(5) Concurrent Rebuild Remembered Sets 7.021ms
[2021-11-30T23:24:22.221+0000][2.448s] GC(5) Pause Cleanup
[2021-11-30T23:24:22.222+0000][2.449s] GC(5) Pause Cleanup 32M->32M(512M) 0.440ms
[2021-11-30T23:24:22.222+0000][2.449s] GC(5) User=0.00s Sys=0.00s Real=0.00s
[2021-11-30T23:24:22.222+0000][2.449s] GC(5) Concurrent Cleanup for Next Mark
[2021-11-30T23:24:22.223+0000][2.450s] GC(5) Concurrent Cleanup for Next Mark 0.860ms
[2021-11-30T23:24:22.224+0000][2.450s] GC(5) Concurrent Cycle 31.266ms
[2021-11-30T23:24:23.011+0000][3.238s] GC(6) Pause Young (Normal) (G1 Evacuation Pause)
[2021-11-30T23:24:23.011+0000][3.238s] GC(6) Using 10 workers of 10 for evacuation
[2021-11-30T23:24:23.018+0000][3.245s] GC(6)   Pre Evacuate Collection Set: 0.0ms
[2021-11-30T23:24:23.018+0000][3.245s] GC(6)   Evacuate Collection Set: 5.2ms
[2021-11-30T23:24:23.018+0000][3.245s] GC(6)   Post Evacuate Collection Set: 0.9ms
[2021-11-30T23:24:23.019+0000][3.246s] GC(6)   Other: 0.8ms
[2021-11-30T23:24:23.019+0000][3.246s] GC(6) Eden regions: 110->0(165)
[2021-11-30T23:24:23.019+0000][3.246s] GC(6) Survivor regions: 6->10(15)
[2021-11-30T23:24:23.020+0000][3.247s] GC(6) Old regions: 21->21
[2021-11-30T23:24:23.020+0000][3.247s] GC(6) Humongous regions: 4->4
[2021-11-30T23:24:23.020+0000][3.247s] GC(6) Metaspace: 41099K->41099K(1087488K)
[2021-11-30T23:24:23.020+0000][3.247s] GC(6) Pause Young (Normal) (G1 Evacuation Pause) 138M->32M(512M) 9.524ms
[2021-11-30T23:24:23.021+0000][3.248s] GC(6) User=0.07s Sys=0.00s Real=0.01s
