[2021-11-30T23:08:28.061+0000][0.029s] Heap region size: 1M
[2021-11-30T23:08:28.126+0000][0.094s] Using G1
[2021-11-30T23:08:28.127+0000][0.095s] Heap address: 0x00000000e0000000, size: 512 MB, Compressed Oops mode: 32-bit
[2021-11-30T23:08:28.127+0000][0.095s] Mark closed archive regions in map: [0x00000000fff00000, 0x00000000fff63ff8]
[2021-11-30T23:08:28.128+0000][0.096s] Mark open archive regions in map: [0x00000000ffe00000, 0x00000000ffe41ff8]
[2021-11-30T23:08:28.511+0000][0.479s] GC(0) Pause Young (Normal) (G1 Evacuation Pause)
[2021-11-30T23:08:28.513+0000][0.481s] GC(0) Using 10 workers of 10 for evacuation
[2021-11-30T23:08:28.529+0000][0.497s] GC(0)   Pre Evacuate Collection Set: 0.0ms
[2021-11-30T23:08:28.529+0000][0.497s] GC(0)   Evacuate Collection Set: 6.6ms
[2021-11-30T23:08:28.529+0000][0.497s] GC(0)   Post Evacuate Collection Set: 2.0ms
[2021-11-30T23:08:28.530+0000][0.497s] GC(0)   Other: 9.1ms
[2021-11-30T23:08:28.530+0000][0.498s] GC(0) Eden regions: 30->0(304)
[2021-11-30T23:08:28.530+0000][0.498s] GC(0) Survivor regions: 0->3(4)
[2021-11-30T23:08:28.530+0000][0.498s] GC(0) Old regions: 2->2
[2021-11-30T23:08:28.530+0000][0.498s] GC(0) Humongous regions: 0->0
[2021-11-30T23:08:28.530+0000][0.498s] GC(0) Metaspace: 6478K->6478K(1056768K)
[2021-11-30T23:08:28.531+0000][0.498s] GC(0) Pause Young (Normal) (G1 Evacuation Pause) 30M->3M(512M) 19.316ms
[2021-11-30T23:08:28.531+0000][0.499s] GC(0) User=0.08s Sys=0.00s Real=0.02s
[2021-11-30T23:08:29.350+0000][1.318s] GC(1) Pause Young (Concurrent Start) (Metadata GC Threshold)
[2021-11-30T23:08:29.350+0000][1.318s] GC(1) Using 10 workers of 10 for evacuation
[2021-11-30T23:08:29.363+0000][1.331s] GC(1)   Pre Evacuate Collection Set: 0.0ms
[2021-11-30T23:08:29.363+0000][1.331s] GC(1)   Evacuate Collection Set: 11.1ms
[2021-11-30T23:08:29.363+0000][1.331s] GC(1)   Post Evacuate Collection Set: 1.0ms
[2021-11-30T23:08:29.363+0000][1.331s] GC(1)   Other: 0.7ms
[2021-11-30T23:08:29.364+0000][1.331s] GC(1) Eden regions: 93->0(83)
[2021-11-30T23:08:29.364+0000][1.332s] GC(1) Survivor regions: 3->19(39)
[2021-11-30T23:08:29.364+0000][1.332s] GC(1) Old regions: 2->2
[2021-11-30T23:08:29.364+0000][1.332s] GC(1) Humongous regions: 4->4
[2021-11-30T23:08:29.364+0000][1.332s] GC(1) Metaspace: 20471K->20471K(1069056K)
[2021-11-30T23:08:29.364+0000][1.332s] GC(1) Pause Young (Concurrent Start) (Metadata GC Threshold) 100M->23M(512M) 14.569ms
[2021-11-30T23:08:29.365+0000][1.332s] GC(1) User=0.08s Sys=0.00s Real=0.01s
[2021-11-30T23:08:29.365+0000][1.333s] GC(2) Concurrent Cycle
[2021-11-30T23:08:29.365+0000][1.333s] GC(2) Concurrent Clear Claimed Marks
[2021-11-30T23:08:29.365+0000][1.333s] GC(2) Concurrent Clear Claimed Marks 0.266ms
[2021-11-30T23:08:29.365+0000][1.333s] GC(2) Concurrent Scan Root Regions
[2021-11-30T23:08:29.370+0000][1.338s] GC(2) Concurrent Scan Root Regions 4.710ms
[2021-11-30T23:08:29.370+0000][1.338s] GC(2) Concurrent Mark (1.338s)
[2021-11-30T23:08:29.371+0000][1.338s] GC(2) Concurrent Mark From Roots
[2021-11-30T23:08:29.371+0000][1.339s] GC(2) Using 3 workers of 3 for marking
[2021-11-30T23:08:29.380+0000][1.348s] GC(2) Concurrent Mark From Roots 9.271ms
[2021-11-30T23:08:29.380+0000][1.348s] GC(2) Concurrent Preclean
[2021-11-30T23:08:29.380+0000][1.348s] GC(2) Concurrent Preclean 0.407ms
[2021-11-30T23:08:29.381+0000][1.348s] GC(2) Concurrent Mark (1.338s, 1.348s) 10.233ms
[2021-11-30T23:08:29.381+0000][1.349s] GC(2) Pause Remark
[2021-11-30T23:08:29.382+0000][1.350s] GC(2) Cleaned string and symbol table, strings: 9053 processed, 0 removed, symbols: 61239 processed, 38 removed
[2021-11-30T23:08:29.383+0000][1.351s] GC(2) Pause Remark 24M->24M(512M) 1.814ms
[2021-11-30T23:08:29.383+0000][1.351s] GC(2) User=0.01s Sys=0.00s Real=0.00s
[2021-11-30T23:08:29.383+0000][1.351s] GC(2) Concurrent Rebuild Remembered Sets
[2021-11-30T23:08:29.386+0000][1.354s] GC(2) Concurrent Rebuild Remembered Sets 2.658ms
[2021-11-30T23:08:29.386+0000][1.354s] GC(2) Pause Cleanup
[2021-11-30T23:08:29.387+0000][1.355s] GC(2) Pause Cleanup 25M->25M(512M) 0.396ms
[2021-11-30T23:08:29.387+0000][1.355s] GC(2) User=0.00s Sys=0.00s Real=0.00s
[2021-11-30T23:08:29.387+0000][1.355s] GC(2) Concurrent Cleanup for Next Mark
[2021-11-30T23:08:29.388+0000][1.356s] GC(2) Concurrent Cleanup for Next Mark 0.766ms
[2021-11-30T23:08:29.388+0000][1.356s] GC(2) Concurrent Cycle 23.283ms
[2021-11-30T23:08:30.052+0000][2.020s] GC(3) Pause Young (Normal) (G1 Evacuation Pause)
[2021-11-30T23:08:30.052+0000][2.020s] GC(3) Using 10 workers of 10 for evacuation
[2021-11-30T23:08:30.063+0000][2.030s] GC(3)   Pre Evacuate Collection Set: 0.0ms
[2021-11-30T23:08:30.063+0000][2.031s] GC(3)   Evacuate Collection Set: 9.3ms
[2021-11-30T23:08:30.063+0000][2.031s] GC(3)   Post Evacuate Collection Set: 1.0ms
[2021-11-30T23:08:30.063+0000][2.031s] GC(3)   Other: 0.6ms
[2021-11-30T23:08:30.063+0000][2.031s] GC(3) Eden regions: 76->0(106)
[2021-11-30T23:08:30.064+0000][2.031s] GC(3) Survivor regions: 19->5(12)
[2021-11-30T23:08:30.064+0000][2.032s] GC(3) Old regions: 2->21
[2021-11-30T23:08:30.064+0000][2.032s] GC(3) Humongous regions: 4->4
[2021-11-30T23:08:30.064+0000][2.032s] GC(3) Metaspace: 29972K->29972K(1077248K)
[2021-11-30T23:08:30.065+0000][2.032s] GC(3) Pause Young (Normal) (G1 Evacuation Pause) 99M->27M(512M) 12.837ms
[2021-11-30T23:08:30.065+0000][2.033s] GC(3) User=0.09s Sys=0.00s Real=0.01s
[2021-11-30T23:08:30.483+0000][2.451s] GC(4) Pause Young (Concurrent Start) (Metadata GC Threshold)
[2021-11-30T23:08:30.483+0000][2.451s] GC(4) Using 10 workers of 10 for evacuation
[2021-11-30T23:08:30.490+0000][2.458s] GC(4)   Pre Evacuate Collection Set: 0.1ms
[2021-11-30T23:08:30.490+0000][2.458s] GC(4)   Evacuate Collection Set: 5.4ms
[2021-11-30T23:08:30.490+0000][2.458s] GC(4)   Post Evacuate Collection Set: 0.9ms
[2021-11-30T23:08:30.490+0000][2.458s] GC(4)   Other: 0.5ms
[2021-11-30T23:08:30.490+0000][2.458s] GC(4) Eden regions: 52->0(117)
[2021-11-30T23:08:30.490+0000][2.458s] GC(4) Survivor regions: 5->6(14)
[2021-11-30T23:08:30.491+0000][2.458s] GC(4) Old regions: 21->21
[2021-11-30T23:08:30.491+0000][2.458s] GC(4) Humongous regions: 4->4
[2021-11-30T23:08:30.491+0000][2.459s] GC(4) Metaspace: 35011K->35011K(1081344K)
[2021-11-30T23:08:30.491+0000][2.459s] GC(4) Pause Young (Concurrent Start) (Metadata GC Threshold) 79M->28M(512M) 7.904ms
[2021-11-30T23:08:30.491+0000][2.459s] GC(4) User=0.07s Sys=0.00s Real=0.01s
[2021-11-30T23:08:30.491+0000][2.459s] GC(5) Concurrent Cycle
[2021-11-30T23:08:30.491+0000][2.459s] GC(5) Concurrent Clear Claimed Marks
[2021-11-30T23:08:30.491+0000][2.459s] GC(5) Concurrent Clear Claimed Marks 0.180ms
[2021-11-30T23:08:30.492+0000][2.459s] GC(5) Concurrent Scan Root Regions
[2021-11-30T23:08:30.493+0000][2.461s] GC(5) Concurrent Scan Root Regions 1.850ms
[2021-11-30T23:08:30.494+0000][2.461s] GC(5) Concurrent Mark (2.461s)
[2021-11-30T23:08:30.494+0000][2.462s] GC(5) Concurrent Mark From Roots
[2021-11-30T23:08:30.494+0000][2.462s] GC(5) Using 3 workers of 3 for marking
[2021-11-30T23:08:30.505+0000][2.472s] GC(5) Concurrent Mark From Roots 10.800ms
[2021-11-30T23:08:30.505+0000][2.473s] GC(5) Concurrent Preclean
[2021-11-30T23:08:30.505+0000][2.473s] GC(5) Concurrent Preclean 0.405ms
[2021-11-30T23:08:30.505+0000][2.473s] GC(5) Concurrent Mark (2.461s, 2.473s) 11.667ms
[2021-11-30T23:08:30.506+0000][2.474s] GC(5) Pause Remark
[2021-11-30T23:08:30.510+0000][2.477s] GC(5) Cleaned string and symbol table, strings: 15605 processed, 27 removed, symbols: 102506 processed, 127 removed
[2021-11-30T23:08:30.510+0000][2.478s] GC(5) Pause Remark 31M->31M(512M) 4.329ms
[2021-11-30T23:08:30.510+0000][2.478s] GC(5) User=0.05s Sys=0.01s Real=0.01s
[2021-11-30T23:08:30.510+0000][2.478s] GC(5) Concurrent Rebuild Remembered Sets
[2021-11-30T23:08:30.516+0000][2.484s] GC(5) Concurrent Rebuild Remembered Sets 5.927ms
[2021-11-30T23:08:30.517+0000][2.485s] GC(5) Pause Cleanup
[2021-11-30T23:08:30.517+0000][2.485s] GC(5) Pause Cleanup 32M->32M(512M) 0.314ms
[2021-11-30T23:08:30.517+0000][2.485s] GC(5) User=0.00s Sys=0.00s Real=0.00s
[2021-11-30T23:08:30.517+0000][2.485s] GC(5) Concurrent Cleanup for Next Mark
[2021-11-30T23:08:30.518+0000][2.486s] GC(5) Concurrent Cleanup for Next Mark 0.700ms
[2021-11-30T23:08:30.518+0000][2.486s] GC(5) Concurrent Cycle 27.039ms
[2021-11-30T23:08:31.294+0000][3.262s] GC(6) Pause Young (Normal) (G1 Evacuation Pause)
[2021-11-30T23:08:31.294+0000][3.262s] GC(6) Using 10 workers of 10 for evacuation
[2021-11-30T23:08:31.299+0000][3.267s] GC(6)   Pre Evacuate Collection Set: 0.0ms
[2021-11-30T23:08:31.299+0000][3.267s] GC(6)   Evacuate Collection Set: 3.3ms
[2021-11-30T23:08:31.300+0000][3.267s] GC(6)   Post Evacuate Collection Set: 0.8ms
[2021-11-30T23:08:31.300+0000][3.268s] GC(6)   Other: 0.8ms
[2021-11-30T23:08:31.300+0000][3.268s] GC(6) Eden regions: 117->0(166)
[2021-11-30T23:08:31.300+0000][3.268s] GC(6) Survivor regions: 6->9(16)
[2021-11-30T23:08:31.301+0000][3.268s] GC(6) Old regions: 21->21
[2021-11-30T23:08:31.301+0000][3.269s] GC(6) Humongous regions: 4->4
[2021-11-30T23:08:31.301+0000][3.269s] GC(6) Metaspace: 41473K->41473K(1087488K)
[2021-11-30T23:08:31.301+0000][3.269s] GC(6) Pause Young (Normal) (G1 Evacuation Pause) 145M->32M(512M) 7.323ms
[2021-11-30T23:08:31.302+0000][3.269s] GC(6) User=0.04s Sys=0.00s Real=0.01s
[2021-11-30T23:13:55.814+0000][327.782s] Heap
[2021-11-30T23:13:55.814+0000][327.782s]  garbage-first heap   total 524288K, used 124054K [0x00000000e0000000, 0x0000000100000000)
[2021-11-30T23:13:55.814+0000][327.782s]   region size 1024K, 97 young (99328K), 9 survivors (9216K)
[2021-11-30T23:13:55.814+0000][327.782s]  Metaspace       used 49677K, capacity 51064K, committed 51356K, reserved 1093632K
[2021-11-30T23:13:55.815+0000][327.782s]   class space    used 6121K, capacity 6659K, committed 6680K, reserved 1048576K
