[2021-11-30T23:13:56.828+0000][0.031s] Heap region size: 1M
[2021-11-30T23:13:56.900+0000][0.103s] Using G1
[2021-11-30T23:13:56.900+0000][0.104s] Heap address: 0x00000000e0000000, size: 512 MB, Compressed Oops mode: 32-bit
[2021-11-30T23:13:56.901+0000][0.104s] Mark closed archive regions in map: [0x00000000fff00000, 0x00000000fff63ff8]
[2021-11-30T23:13:56.901+0000][0.104s] Mark open archive regions in map: [0x00000000ffe00000, 0x00000000ffe41ff8]
[2021-11-30T23:13:57.289+0000][0.493s] GC(0) Pause Young (Normal) (G1 Evacuation Pause)
[2021-11-30T23:13:57.291+0000][0.494s] GC(0) Using 10 workers of 10 for evacuation
[2021-11-30T23:13:57.306+0000][0.509s] GC(0)   Pre Evacuate Collection Set: 0.0ms
[2021-11-30T23:13:57.306+0000][0.510s] GC(0)   Evacuate Collection Set: 6.6ms
[2021-11-30T23:13:57.306+0000][0.510s] GC(0)   Post Evacuate Collection Set: 0.8ms
[2021-11-30T23:13:57.307+0000][0.510s] GC(0)   Other: 9.1ms
[2021-11-30T23:13:57.307+0000][0.510s] GC(0) Eden regions: 30->0(304)
[2021-11-30T23:13:57.307+0000][0.510s] GC(0) Survivor regions: 0->3(4)
[2021-11-30T23:13:57.307+0000][0.511s] GC(0) Old regions: 2->2
[2021-11-30T23:13:57.307+0000][0.511s] GC(0) Humongous regions: 0->0
[2021-11-30T23:13:57.308+0000][0.511s] GC(0) Metaspace: 6478K->6478K(1056768K)
[2021-11-30T23:13:57.308+0000][0.511s] GC(0) Pause Young (Normal) (G1 Evacuation Pause) 30M->3M(512M) 18.474ms
[2021-11-30T23:13:57.308+0000][0.512s] GC(0) User=0.08s Sys=0.00s Real=0.02s
[2021-11-30T23:13:58.219+0000][1.423s] GC(1) Pause Young (Concurrent Start) (Metadata GC Threshold)
[2021-11-30T23:13:58.220+0000][1.423s] GC(1) Using 10 workers of 10 for evacuation
[2021-11-30T23:13:58.232+0000][1.435s] GC(1)   Pre Evacuate Collection Set: 0.0ms
[2021-11-30T23:13:58.232+0000][1.435s] GC(1)   Evacuate Collection Set: 10.2ms
[2021-11-30T23:13:58.232+0000][1.436s] GC(1)   Post Evacuate Collection Set: 1.5ms
[2021-11-30T23:13:58.232+0000][1.436s] GC(1)   Other: 0.6ms
[2021-11-30T23:13:58.232+0000][1.436s] GC(1) Eden regions: 94->0(88)
[2021-11-30T23:13:58.233+0000][1.436s] GC(1) Survivor regions: 3->20(39)
[2021-11-30T23:13:58.233+0000][1.436s] GC(1) Old regions: 2->2
[2021-11-30T23:13:58.233+0000][1.436s] GC(1) Humongous regions: 4->4
[2021-11-30T23:13:58.233+0000][1.436s] GC(1) Metaspace: 20516K->20516K(1069056K)
[2021-11-30T23:13:58.233+0000][1.437s] GC(1) Pause Young (Concurrent Start) (Metadata GC Threshold) 100M->24M(512M) 13.699ms
[2021-11-30T23:13:58.233+0000][1.437s] GC(1) User=0.07s Sys=0.00s Real=0.01s
[2021-11-30T23:13:58.233+0000][1.437s] GC(2) Concurrent Cycle
[2021-11-30T23:13:58.234+0000][1.437s] GC(2) Concurrent Clear Claimed Marks
[2021-11-30T23:13:58.234+0000][1.437s] GC(2) Concurrent Clear Claimed Marks 0.219ms
[2021-11-30T23:13:58.234+0000][1.437s] GC(2) Concurrent Scan Root Regions
[2021-11-30T23:13:58.238+0000][1.442s] GC(2) Concurrent Scan Root Regions 4.113ms
[2021-11-30T23:13:58.238+0000][1.442s] GC(2) Concurrent Mark (1.442s)
[2021-11-30T23:13:58.238+0000][1.442s] GC(2) Concurrent Mark From Roots
[2021-11-30T23:13:58.239+0000][1.442s] GC(2) Using 3 workers of 3 for marking
[2021-11-30T23:13:58.242+0000][1.445s] GC(2) Concurrent Mark From Roots 3.445ms
[2021-11-30T23:13:58.242+0000][1.446s] GC(2) Concurrent Preclean
[2021-11-30T23:13:58.243+0000][1.446s] GC(2) Concurrent Preclean 0.614ms
[2021-11-30T23:13:58.243+0000][1.447s] GC(2) Concurrent Mark (1.442s, 1.446s) 4.602ms
[2021-11-30T23:13:58.244+0000][1.447s] GC(2) Pause Remark
[2021-11-30T23:13:58.245+0000][1.449s] GC(2) Cleaned string and symbol table, strings: 9045 processed, 0 removed, symbols: 61133 processed, 38 removed
[2021-11-30T23:13:58.246+0000][1.449s] GC(2) Pause Remark 24M->24M(512M) 2.142ms
[2021-11-30T23:13:58.246+0000][1.449s] GC(2) User=0.02s Sys=0.00s Real=0.01s
[2021-11-30T23:13:58.246+0000][1.450s] GC(2) Concurrent Rebuild Remembered Sets
[2021-11-30T23:13:58.249+0000][1.452s] GC(2) Concurrent Rebuild Remembered Sets 2.655ms
[2021-11-30T23:13:58.250+0000][1.453s] GC(2) Pause Cleanup
[2021-11-30T23:13:58.250+0000][1.454s] GC(2) Pause Cleanup 25M->25M(512M) 0.475ms
[2021-11-30T23:13:58.250+0000][1.454s] GC(2) User=0.00s Sys=0.00s Real=0.00s
[2021-11-30T23:13:58.251+0000][1.454s] GC(2) Concurrent Cleanup for Next Mark
[2021-11-30T23:13:58.254+0000][1.458s] GC(2) Concurrent Cleanup for Next Mark 3.663ms
[2021-11-30T23:13:58.255+0000][1.458s] GC(2) Concurrent Cycle 21.303ms
[2021-11-30T23:13:58.959+0000][2.162s] GC(3) Pause Young (Normal) (G1 Evacuation Pause)
[2021-11-30T23:13:58.959+0000][2.162s] GC(3) Using 10 workers of 10 for evacuation
[2021-11-30T23:13:58.968+0000][2.172s] GC(3)   Pre Evacuate Collection Set: 0.0ms
[2021-11-30T23:13:58.968+0000][2.172s] GC(3)   Evacuate Collection Set: 7.9ms
[2021-11-30T23:13:58.969+0000][2.172s] GC(3)   Post Evacuate Collection Set: 1.0ms
[2021-11-30T23:13:58.969+0000][2.172s] GC(3)   Other: 0.5ms
[2021-11-30T23:13:58.969+0000][2.172s] GC(3) Eden regions: 78->0(111)
[2021-11-30T23:13:58.969+0000][2.172s] GC(3) Survivor regions: 20->5(13)
[2021-11-30T23:13:58.969+0000][2.173s] GC(3) Old regions: 2->21
[2021-11-30T23:13:58.969+0000][2.173s] GC(3) Humongous regions: 4->4
[2021-11-30T23:13:58.969+0000][2.173s] GC(3) Metaspace: 29631K->29631K(1077248K)
[2021-11-30T23:13:58.970+0000][2.173s] GC(3) Pause Young (Normal) (G1 Evacuation Pause) 102M->27M(512M) 10.807ms
[2021-11-30T23:13:58.970+0000][2.173s] GC(3) User=0.10s Sys=0.00s Real=0.01s
[2021-11-30T23:13:59.330+0000][2.534s] GC(4) Pause Young (Concurrent Start) (Metadata GC Threshold)
[2021-11-30T23:13:59.331+0000][2.534s] GC(4) Using 10 workers of 10 for evacuation
[2021-11-30T23:13:59.339+0000][2.543s] GC(4)   Pre Evacuate Collection Set: 0.1ms
[2021-11-30T23:13:59.339+0000][2.543s] GC(4)   Evacuate Collection Set: 4.9ms
[2021-11-30T23:13:59.340+0000][2.543s] GC(4)   Post Evacuate Collection Set: 3.3ms
[2021-11-30T23:13:59.340+0000][2.543s] GC(4)   Other: 0.6ms
[2021-11-30T23:13:59.340+0000][2.544s] GC(4) Eden regions: 55->0(126)
[2021-11-30T23:13:59.340+0000][2.544s] GC(4) Survivor regions: 5->6(15)
[2021-11-30T23:13:59.340+0000][2.544s] GC(4) Old regions: 21->21
[2021-11-30T23:13:59.341+0000][2.544s] GC(4) Humongous regions: 4->4
[2021-11-30T23:13:59.341+0000][2.544s] GC(4) Metaspace: 34935K->34935K(1081344K)
[2021-11-30T23:13:59.341+0000][2.544s] GC(4) Pause Young (Concurrent Start) (Metadata GC Threshold) 82M->28M(512M) 10.651ms
[2021-11-30T23:13:59.341+0000][2.545s] GC(4) User=0.08s Sys=0.00s Real=0.01s
[2021-11-30T23:13:59.341+0000][2.545s] GC(5) Concurrent Cycle
[2021-11-30T23:13:59.342+0000][2.545s] GC(5) Concurrent Clear Claimed Marks
[2021-11-30T23:13:59.342+0000][2.545s] GC(5) Concurrent Clear Claimed Marks 0.198ms
[2021-11-30T23:13:59.342+0000][2.545s] GC(5) Concurrent Scan Root Regions
[2021-11-30T23:13:59.344+0000][2.547s] GC(5) Concurrent Scan Root Regions 2.164ms
[2021-11-30T23:13:59.344+0000][2.548s] GC(5) Concurrent Mark (2.548s)
[2021-11-30T23:13:59.344+0000][2.548s] GC(5) Concurrent Mark From Roots
[2021-11-30T23:13:59.345+0000][2.548s] GC(5) Using 3 workers of 3 for marking
[2021-11-30T23:13:59.356+0000][2.559s] GC(5) Concurrent Mark From Roots 11.207ms
[2021-11-30T23:13:59.356+0000][2.559s] GC(5) Concurrent Preclean
[2021-11-30T23:13:59.356+0000][2.560s] GC(5) Concurrent Preclean 0.574ms
[2021-11-30T23:13:59.357+0000][2.560s] GC(5) Concurrent Mark (2.548s, 2.560s) 12.417ms
[2021-11-30T23:13:59.357+0000][2.561s] GC(5) Pause Remark
[2021-11-30T23:13:59.362+0000][2.566s] GC(5) Cleaned string and symbol table, strings: 15617 processed, 27 removed, symbols: 102511 processed, 127 removed
[2021-11-30T23:13:59.363+0000][2.566s] GC(5) Pause Remark 32M->32M(512M) 5.729ms
[2021-11-30T23:13:59.363+0000][2.567s] GC(5) User=0.04s Sys=0.00s Real=0.00s
[2021-11-30T23:13:59.363+0000][2.567s] GC(5) Concurrent Rebuild Remembered Sets
[2021-11-30T23:13:59.370+0000][2.573s] GC(5) Concurrent Rebuild Remembered Sets 6.093ms
[2021-11-30T23:13:59.370+0000][2.573s] GC(5) Pause Cleanup
[2021-11-30T23:13:59.370+0000][2.574s] GC(5) Pause Cleanup 32M->32M(512M) 0.318ms
[2021-11-30T23:13:59.370+0000][2.574s] GC(5) User=0.00s Sys=0.00s Real=0.00s
[2021-11-30T23:13:59.371+0000][2.574s] GC(5) Concurrent Cleanup for Next Mark
[2021-11-30T23:13:59.371+0000][2.575s] GC(5) Concurrent Cleanup for Next Mark 0.800ms
[2021-11-30T23:13:59.372+0000][2.575s] GC(5) Concurrent Cycle 30.277ms
[2021-11-30T23:14:00.318+0000][3.522s] GC(6) Pause Young (Normal) (G1 Evacuation Pause)
[2021-11-30T23:14:00.318+0000][3.522s] GC(6) Using 10 workers of 10 for evacuation
[2021-11-30T23:14:00.324+0000][3.527s] GC(6)   Pre Evacuate Collection Set: 0.0ms
[2021-11-30T23:14:00.324+0000][3.528s] GC(6)   Evacuate Collection Set: 4.2ms
[2021-11-30T23:14:00.324+0000][3.528s] GC(6)   Post Evacuate Collection Set: 0.8ms
[2021-11-30T23:14:00.325+0000][3.528s] GC(6)   Other: 0.8ms
[2021-11-30T23:14:00.325+0000][3.528s] GC(6) Eden regions: 126->0(186)
[2021-11-30T23:14:00.325+0000][3.528s] GC(6) Survivor regions: 6->12(17)
[2021-11-30T23:14:00.325+0000][3.529s] GC(6) Old regions: 21->21
[2021-11-30T23:14:00.325+0000][3.529s] GC(6) Humongous regions: 4->4
[2021-11-30T23:14:00.326+0000][3.529s] GC(6) Metaspace: 42218K->42218K(1087488K)
[2021-11-30T23:14:00.326+0000][3.529s] GC(6) Pause Young (Normal) (G1 Evacuation Pause) 154M->34M(512M) 7.746ms
[2021-11-30T23:14:00.326+0000][3.530s] GC(6) User=0.05s Sys=0.01s Real=0.01s
[2021-11-30T23:15:13.635+0000][76.839s] Heap
[2021-11-30T23:15:13.635+0000][76.839s]  garbage-first heap   total 524288K, used 114448K [0x00000000e0000000, 0x0000000100000000)
[2021-11-30T23:15:13.636+0000][76.839s]   region size 1024K, 88 young (90112K), 12 survivors (12288K)
[2021-11-30T23:15:13.636+0000][76.839s]  Metaspace       used 49397K, capacity 50665K, committed 50844K, reserved 1093632K
[2021-11-30T23:15:13.636+0000][76.839s]   class space    used 6092K, capacity 6614K, committed 6680K, reserved 1048576K
