[2021-11-30T23:21:37.482+0000][0.048s] Heap region size: 1M
[2021-11-30T23:21:37.554+0000][0.120s] Using G1
[2021-11-30T23:21:37.554+0000][0.121s] Heap address: 0x00000000e0000000, size: 512 MB, Compressed Oops mode: 32-bit
[2021-11-30T23:21:37.555+0000][0.121s] Mark closed archive regions in map: [0x00000000fff00000, 0x00000000fff63ff8]
[2021-11-30T23:21:37.555+0000][0.121s] Mark open archive regions in map: [0x00000000ffe00000, 0x00000000ffe41ff8]
[2021-11-30T23:21:37.954+0000][0.520s] GC(0) Pause Young (Normal) (G1 Evacuation Pause)
[2021-11-30T23:21:37.956+0000][0.522s] GC(0) Using 10 workers of 10 for evacuation
[2021-11-30T23:21:37.971+0000][0.537s] GC(0)   Pre Evacuate Collection Set: 0.0ms
[2021-11-30T23:21:37.971+0000][0.537s] GC(0)   Evacuate Collection Set: 6.9ms
[2021-11-30T23:21:37.972+0000][0.538s] GC(0)   Post Evacuate Collection Set: 0.7ms
[2021-11-30T23:21:37.972+0000][0.538s] GC(0)   Other: 9.2ms
[2021-11-30T23:21:37.972+0000][0.538s] GC(0) Eden regions: 30->0(304)
[2021-11-30T23:21:37.972+0000][0.538s] GC(0) Survivor regions: 0->3(4)
[2021-11-30T23:21:37.973+0000][0.539s] GC(0) Old regions: 2->2
[2021-11-30T23:21:37.973+0000][0.539s] GC(0) Humongous regions: 0->0
[2021-11-30T23:21:37.973+0000][0.539s] GC(0) Metaspace: 6490K->6490K(1056768K)
[2021-11-30T23:21:37.973+0000][0.539s] GC(0) Pause Young (Normal) (G1 Evacuation Pause) 30M->3M(512M) 19.052ms
[2021-11-30T23:21:37.974+0000][0.540s] GC(0) User=0.08s Sys=0.00s Real=0.02s
[2021-11-30T23:21:38.855+0000][1.421s] GC(1) Pause Young (Concurrent Start) (Metadata GC Threshold)
[2021-11-30T23:21:38.855+0000][1.421s] GC(1) Using 10 workers of 10 for evacuation
[2021-11-30T23:21:38.867+0000][1.434s] GC(1)   Pre Evacuate Collection Set: 0.1ms
[2021-11-30T23:21:38.868+0000][1.434s] GC(1)   Evacuate Collection Set: 10.6ms
[2021-11-30T23:21:38.868+0000][1.434s] GC(1)   Post Evacuate Collection Set: 1.1ms
[2021-11-30T23:21:38.868+0000][1.434s] GC(1)   Other: 0.7ms
[2021-11-30T23:21:38.868+0000][1.434s] GC(1) Eden regions: 93->0(88)
[2021-11-30T23:21:38.869+0000][1.435s] GC(1) Survivor regions: 3->20(39)
[2021-11-30T23:21:38.869+0000][1.435s] GC(1) Old regions: 2->2
[2021-11-30T23:21:38.869+0000][1.435s] GC(1) Humongous regions: 4->4
[2021-11-30T23:21:38.869+0000][1.435s] GC(1) Metaspace: 20463K->20463K(1069056K)
[2021-11-30T23:21:38.869+0000][1.435s] GC(1) Pause Young (Concurrent Start) (Metadata GC Threshold) 100M->23M(512M) 14.302ms
[2021-11-30T23:21:38.870+0000][1.436s] GC(1) User=0.08s Sys=0.01s Real=0.02s
[2021-11-30T23:21:38.870+0000][1.436s] GC(2) Concurrent Cycle
[2021-11-30T23:21:38.870+0000][1.436s] GC(2) Concurrent Clear Claimed Marks
[2021-11-30T23:21:38.870+0000][1.436s] GC(2) Concurrent Clear Claimed Marks 0.182ms
[2021-11-30T23:21:38.870+0000][1.436s] GC(2) Concurrent Scan Root Regions
[2021-11-30T23:21:38.875+0000][1.441s] GC(2) Concurrent Scan Root Regions 5.063ms
[2021-11-30T23:21:38.876+0000][1.442s] GC(2) Concurrent Mark (1.442s)
[2021-11-30T23:21:38.876+0000][1.442s] GC(2) Concurrent Mark From Roots
[2021-11-30T23:21:38.876+0000][1.442s] GC(2) Using 3 workers of 3 for marking
[2021-11-30T23:21:38.883+0000][1.449s] GC(2) Concurrent Mark From Roots 7.464ms
[2021-11-30T23:21:38.883+0000][1.450s] GC(2) Concurrent Preclean
[2021-11-30T23:21:38.884+0000][1.450s] GC(2) Concurrent Preclean 0.425ms
[2021-11-30T23:21:38.884+0000][1.450s] GC(2) Concurrent Mark (1.442s, 1.450s) 8.546ms
[2021-11-30T23:21:38.885+0000][1.451s] GC(2) Pause Remark
[2021-11-30T23:21:38.886+0000][1.452s] GC(2) Cleaned string and symbol table, strings: 9049 processed, 0 removed, symbols: 61133 processed, 38 removed
[2021-11-30T23:21:38.887+0000][1.453s] GC(2) Pause Remark 24M->24M(512M) 2.336ms
[2021-11-30T23:21:38.887+0000][1.453s] GC(2) User=0.01s Sys=0.00s Real=0.01s
[2021-11-30T23:21:38.887+0000][1.453s] GC(2) Concurrent Rebuild Remembered Sets
[2021-11-30T23:21:38.890+0000][1.456s] GC(2) Concurrent Rebuild Remembered Sets 2.978ms
[2021-11-30T23:21:38.891+0000][1.457s] GC(2) Pause Cleanup
[2021-11-30T23:21:38.891+0000][1.457s] GC(2) Pause Cleanup 25M->25M(512M) 0.415ms
[2021-11-30T23:21:38.891+0000][1.458s] GC(2) User=0.00s Sys=0.00s Real=0.00s
[2021-11-30T23:21:38.892+0000][1.458s] GC(2) Concurrent Cleanup for Next Mark
[2021-11-30T23:21:38.892+0000][1.459s] GC(2) Concurrent Cleanup for Next Mark 0.741ms
[2021-11-30T23:21:38.893+0000][1.459s] GC(2) Concurrent Cycle 22.916ms
[2021-11-30T23:21:39.745+0000][2.311s] GC(3) Pause Young (Normal) (G1 Evacuation Pause)
[2021-11-30T23:21:39.745+0000][2.311s] GC(3) Using 10 workers of 10 for evacuation
[2021-11-30T23:21:39.761+0000][2.328s] GC(3)   Pre Evacuate Collection Set: 0.0ms
[2021-11-30T23:21:39.762+0000][2.328s] GC(3)   Evacuate Collection Set: 11.2ms
[2021-11-30T23:21:39.762+0000][2.328s] GC(3)   Post Evacuate Collection Set: 5.2ms
[2021-11-30T23:21:39.762+0000][2.328s] GC(3)   Other: 0.5ms
[2021-11-30T23:21:39.762+0000][2.328s] GC(3) Eden regions: 77->0(111)
[2021-11-30T23:21:39.763+0000][2.329s] GC(3) Survivor regions: 20->4(13)
[2021-11-30T23:21:39.763+0000][2.329s] GC(3) Old regions: 2->21
[2021-11-30T23:21:39.763+0000][2.329s] GC(3) Humongous regions: 4->4
[2021-11-30T23:21:39.763+0000][2.329s] GC(3) Metaspace: 26992K->26992K(1073152K)
[2021-11-30T23:21:39.763+0000][2.329s] GC(3) Pause Young (Normal) (G1 Evacuation Pause) 100M->27M(512M) 18.699ms
[2021-11-30T23:21:39.763+0000][2.330s] GC(3) User=0.18s Sys=0.00s Real=0.02s
[2021-11-30T23:21:40.435+0000][3.001s] GC(4) Pause Young (Concurrent Start) (Metadata GC Threshold)
[2021-11-30T23:21:40.435+0000][3.001s] GC(4) Using 10 workers of 10 for evacuation
[2021-11-30T23:21:40.440+0000][3.007s] GC(4)   Pre Evacuate Collection Set: 0.1ms
[2021-11-30T23:21:40.441+0000][3.007s] GC(4)   Evacuate Collection Set: 4.1ms
[2021-11-30T23:21:40.441+0000][3.007s] GC(4)   Post Evacuate Collection Set: 0.7ms
[2021-11-30T23:21:40.441+0000][3.007s] GC(4)   Other: 0.5ms
[2021-11-30T23:21:40.441+0000][3.007s] GC(4) Eden regions: 77->0(118)
[2021-11-30T23:21:40.441+0000][3.007s] GC(4) Survivor regions: 4->6(15)
[2021-11-30T23:21:40.441+0000][3.007s] GC(4) Old regions: 21->21
[2021-11-30T23:21:40.441+0000][3.008s] GC(4) Humongous regions: 4->4
[2021-11-30T23:21:40.442+0000][3.008s] GC(4) Metaspace: 34976K->34976K(1081344K)
[2021-11-30T23:21:40.442+0000][3.008s] GC(4) Pause Young (Concurrent Start) (Metadata GC Threshold) 103M->29M(512M) 6.500ms
[2021-11-30T23:21:40.442+0000][3.008s] GC(4) User=0.04s Sys=0.01s Real=0.01s
[2021-11-30T23:21:40.442+0000][3.008s] GC(5) Concurrent Cycle
[2021-11-30T23:21:40.442+0000][3.008s] GC(5) Concurrent Clear Claimed Marks
[2021-11-30T23:21:40.442+0000][3.008s] GC(5) Concurrent Clear Claimed Marks 0.163ms
[2021-11-30T23:21:40.442+0000][3.008s] GC(5) Concurrent Scan Root Regions
[2021-11-30T23:21:40.444+0000][3.011s] GC(5) Concurrent Scan Root Regions 2.108ms
[2021-11-30T23:21:40.445+0000][3.011s] GC(5) Concurrent Mark (3.011s)
[2021-11-30T23:21:40.445+0000][3.011s] GC(5) Concurrent Mark From Roots
[2021-11-30T23:21:40.445+0000][3.011s] GC(5) Using 3 workers of 3 for marking
[2021-11-30T23:21:40.456+0000][3.022s] GC(5) Concurrent Mark From Roots 11.217ms
[2021-11-30T23:21:40.456+0000][3.022s] GC(5) Concurrent Preclean
[2021-11-30T23:21:40.457+0000][3.023s] GC(5) Concurrent Preclean 0.695ms
[2021-11-30T23:21:40.457+0000][3.023s] GC(5) Concurrent Mark (3.011s, 3.023s) 12.395ms
[2021-11-30T23:21:40.457+0000][3.023s] GC(5) Pause Remark
[2021-11-30T23:21:40.462+0000][3.028s] GC(5) Cleaned string and symbol table, strings: 15658 processed, 27 removed, symbols: 102425 processed, 125 removed
[2021-11-30T23:21:40.462+0000][3.028s] GC(5) Pause Remark 32M->32M(512M) 4.833ms
[2021-11-30T23:21:40.462+0000][3.028s] GC(5) User=0.03s Sys=0.00s Real=0.00s
[2021-11-30T23:21:40.463+0000][3.029s] GC(5) Concurrent Rebuild Remembered Sets
[2021-11-30T23:21:40.469+0000][3.035s] GC(5) Concurrent Rebuild Remembered Sets 6.168ms
[2021-11-30T23:21:40.469+0000][3.035s] GC(5) Pause Cleanup
[2021-11-30T23:21:40.470+0000][3.036s] GC(5) Pause Cleanup 33M->33M(512M) 0.340ms
[2021-11-30T23:21:40.470+0000][3.036s] GC(5) User=0.01s Sys=0.00s Real=0.00s
[2021-11-30T23:21:40.470+0000][3.036s] GC(5) Concurrent Cleanup for Next Mark
[2021-11-30T23:21:40.471+0000][3.037s] GC(5) Concurrent Cleanup for Next Mark 0.809ms
[2021-11-30T23:21:40.471+0000][3.037s] GC(5) Concurrent Cycle 29.037ms
[2021-11-30T23:21:41.286+0000][3.852s] GC(6) Pause Young (Normal) (G1 Evacuation Pause)
[2021-11-30T23:21:41.286+0000][3.852s] GC(6) Using 10 workers of 10 for evacuation
[2021-11-30T23:21:41.291+0000][3.857s] GC(6)   Pre Evacuate Collection Set: 0.0ms
[2021-11-30T23:21:41.291+0000][3.857s] GC(6)   Evacuate Collection Set: 3.4ms
[2021-11-30T23:21:41.291+0000][3.857s] GC(6)   Post Evacuate Collection Set: 0.8ms
[2021-11-30T23:21:41.291+0000][3.857s] GC(6)   Other: 0.4ms
[2021-11-30T23:21:41.291+0000][3.858s] GC(6) Eden regions: 118->0(189)
[2021-11-30T23:21:41.292+0000][3.858s] GC(6) Survivor regions: 6->10(16)
[2021-11-30T23:21:41.292+0000][3.858s] GC(6) Old regions: 21->21
[2021-11-30T23:21:41.292+0000][3.858s] GC(6) Humongous regions: 4->4
[2021-11-30T23:21:41.292+0000][3.858s] GC(6) Metaspace: 41509K->41509K(1087488K)
[2021-11-30T23:21:41.292+0000][3.858s] GC(6) Pause Young (Normal) (G1 Evacuation Pause) 147M->32M(512M) 6.227ms
[2021-11-30T23:21:41.292+0000][3.859s] GC(6) User=0.04s Sys=0.00s Real=0.00s
[2021-11-30T23:24:13.049+0000][155.615s] Heap
[2021-11-30T23:24:13.049+0000][155.615s]  garbage-first heap   total 524288K, used 110242K [0x00000000e0000000, 0x0000000100000000)
[2021-11-30T23:24:13.049+0000][155.616s]   region size 1024K, 83 young (84992K), 10 survivors (10240K)
[2021-11-30T23:24:13.050+0000][155.616s]  Metaspace       used 48945K, capacity 50186K, committed 50332K, reserved 1093632K
[2021-11-30T23:24:13.050+0000][155.616s]   class space    used 6046K, capacity 6562K, committed 6680K, reserved 1048576K
