[2021-11-30T22:53:33.350+0000][0.019s] Heap region size: 1M
[2021-11-30T22:53:33.431+0000][0.100s] Using G1
[2021-11-30T22:53:33.431+0000][0.101s] Heap address: 0x00000000e0000000, size: 512 MB, Compressed Oops mode: 32-bit
[2021-11-30T22:53:33.432+0000][0.101s] Mark closed archive regions in map: [0x00000000fff00000, 0x00000000fff63ff8]
[2021-11-30T22:53:33.432+0000][0.101s] Mark open archive regions in map: [0x00000000ffe00000, 0x00000000ffe41ff8]
[2021-11-30T22:53:33.831+0000][0.501s] GC(0) Pause Young (Normal) (G1 Evacuation Pause)
[2021-11-30T22:53:33.833+0000][0.502s] GC(0) Using 10 workers of 10 for evacuation
[2021-11-30T22:53:33.848+0000][0.518s] GC(0)   Pre Evacuate Collection Set: 0.0ms
[2021-11-30T22:53:33.849+0000][0.518s] GC(0)   Evacuate Collection Set: 6.9ms
[2021-11-30T22:53:33.849+0000][0.518s] GC(0)   Post Evacuate Collection Set: 0.8ms
[2021-11-30T22:53:33.849+0000][0.518s] GC(0)   Other: 9.3ms
[2021-11-30T22:53:33.849+0000][0.519s] GC(0) Eden regions: 30->0(304)
[2021-11-30T22:53:33.849+0000][0.519s] GC(0) Survivor regions: 0->3(4)
[2021-11-30T22:53:33.850+0000][0.519s] GC(0) Old regions: 2->2
[2021-11-30T22:53:33.850+0000][0.519s] GC(0) Humongous regions: 0->0
[2021-11-30T22:53:33.850+0000][0.519s] GC(0) Metaspace: 6488K->6488K(1056768K)
[2021-11-30T22:53:33.850+0000][0.520s] GC(0) Pause Young (Normal) (G1 Evacuation Pause) 30M->3M(512M) 18.783ms
[2021-11-30T22:53:33.850+0000][0.520s] GC(0) User=0.08s Sys=0.00s Real=0.02s
[2021-11-30T22:53:34.766+0000][1.435s] GC(1) Pause Young (Concurrent Start) (Metadata GC Threshold)
[2021-11-30T22:53:34.766+0000][1.435s] GC(1) Using 10 workers of 10 for evacuation
[2021-11-30T22:53:34.776+0000][1.446s] GC(1)   Pre Evacuate Collection Set: 0.0ms
[2021-11-30T22:53:34.777+0000][1.446s] GC(1)   Evacuate Collection Set: 9.1ms
[2021-11-30T22:53:34.777+0000][1.446s] GC(1)   Post Evacuate Collection Set: 0.9ms
[2021-11-30T22:53:34.777+0000][1.446s] GC(1)   Other: 0.7ms
[2021-11-30T22:53:34.777+0000][1.447s] GC(1) Eden regions: 94->0(88)
[2021-11-30T22:53:34.778+0000][1.447s] GC(1) Survivor regions: 3->20(39)
[2021-11-30T22:53:34.778+0000][1.447s] GC(1) Old regions: 2->2
[2021-11-30T22:53:34.778+0000][1.447s] GC(1) Humongous regions: 4->4
[2021-11-30T22:53:34.778+0000][1.448s] GC(1) Metaspace: 20515K->20515K(1069056K)
[2021-11-30T22:53:34.779+0000][1.448s] GC(1) Pause Young (Concurrent Start) (Metadata GC Threshold) 100M->23M(512M) 13.049ms
[2021-11-30T22:53:34.779+0000][1.448s] GC(1) User=0.07s Sys=0.01s Real=0.02s
[2021-11-30T22:53:34.779+0000][1.448s] GC(2) Concurrent Cycle
[2021-11-30T22:53:34.779+0000][1.449s] GC(2) Concurrent Clear Claimed Marks
[2021-11-30T22:53:34.779+0000][1.449s] GC(2) Concurrent Clear Claimed Marks 0.208ms
[2021-11-30T22:53:34.780+0000][1.449s] GC(2) Concurrent Scan Root Regions
[2021-11-30T22:53:34.785+0000][1.454s] GC(2) Concurrent Scan Root Regions 5.270ms
[2021-11-30T22:53:34.785+0000][1.454s] GC(2) Concurrent Mark (1.454s)
[2021-11-30T22:53:34.785+0000][1.455s] GC(2) Concurrent Mark From Roots
[2021-11-30T22:53:34.785+0000][1.455s] GC(2) Using 3 workers of 3 for marking
[2021-11-30T22:53:34.794+0000][1.464s] GC(2) Concurrent Mark From Roots 8.947ms
[2021-11-30T22:53:34.794+0000][1.464s] GC(2) Concurrent Preclean
[2021-11-30T22:53:34.795+0000][1.464s] GC(2) Concurrent Preclean 0.529ms
[2021-11-30T22:53:34.795+0000][1.465s] GC(2) Concurrent Mark (1.454s, 1.465s) 10.081ms
[2021-11-30T22:53:34.796+0000][1.465s] GC(2) Pause Remark
[2021-11-30T22:53:34.798+0000][1.468s] GC(2) Cleaned string and symbol table, strings: 9055 processed, 0 removed, symbols: 61269 processed, 38 removed
[2021-11-30T22:53:34.799+0000][1.468s] GC(2) Pause Remark 24M->24M(512M) 2.926ms
[2021-11-30T22:53:34.799+0000][1.468s] GC(2) User=0.02s Sys=0.00s Real=0.00s
[2021-11-30T22:53:34.799+0000][1.469s] GC(2) Concurrent Rebuild Remembered Sets
[2021-11-30T22:53:34.803+0000][1.472s] GC(2) Concurrent Rebuild Remembered Sets 3.402ms
[2021-11-30T22:53:34.803+0000][1.473s] GC(2) Pause Cleanup
[2021-11-30T22:53:34.804+0000][1.473s] GC(2) Pause Cleanup 25M->25M(512M) 0.398ms
[2021-11-30T22:53:34.804+0000][1.473s] GC(2) User=0.00s Sys=0.00s Real=0.00s
[2021-11-30T22:53:34.804+0000][1.474s] GC(2) Concurrent Cleanup for Next Mark
[2021-11-30T22:53:34.805+0000][1.474s] GC(2) Concurrent Cleanup for Next Mark 0.780ms
[2021-11-30T22:53:34.805+0000][1.475s] GC(2) Concurrent Cycle 26.254ms
[2021-11-30T22:53:35.539+0000][2.208s] GC(3) Pause Young (Normal) (G1 Evacuation Pause)
[2021-11-30T22:53:35.539+0000][2.208s] GC(3) Using 10 workers of 10 for evacuation
[2021-11-30T22:53:35.548+0000][2.217s] GC(3)   Pre Evacuate Collection Set: 0.0ms
[2021-11-30T22:53:35.548+0000][2.217s] GC(3)   Evacuate Collection Set: 7.4ms
[2021-11-30T22:53:35.548+0000][2.217s] GC(3)   Post Evacuate Collection Set: 0.9ms
[2021-11-30T22:53:35.548+0000][2.218s] GC(3)   Other: 0.7ms
[2021-11-30T22:53:35.548+0000][2.218s] GC(3) Eden regions: 78->0(111)
[2021-11-30T22:53:35.549+0000][2.218s] GC(3) Survivor regions: 20->5(13)
[2021-11-30T22:53:35.549+0000][2.218s] GC(3) Old regions: 2->21
[2021-11-30T22:53:35.549+0000][2.219s] GC(3) Humongous regions: 4->4
[2021-11-30T22:53:35.549+0000][2.219s] GC(3) Metaspace: 30179K->30179K(1077248K)
[2021-11-30T22:53:35.550+0000][2.219s] GC(3) Pause Young (Normal) (G1 Evacuation Pause) 101M->28M(512M) 10.833ms
[2021-11-30T22:53:35.550+0000][2.219s] GC(3) User=0.08s Sys=0.00s Real=0.01s
[2021-11-30T22:53:35.910+0000][2.579s] GC(4) Pause Young (Concurrent Start) (Metadata GC Threshold)
[2021-11-30T22:53:35.910+0000][2.579s] GC(4) Using 10 workers of 10 for evacuation
[2021-11-30T22:53:35.917+0000][2.586s] GC(4)   Pre Evacuate Collection Set: 0.1ms
[2021-11-30T22:53:35.917+0000][2.587s] GC(4)   Evacuate Collection Set: 5.8ms
[2021-11-30T22:53:35.917+0000][2.587s] GC(4)   Post Evacuate Collection Set: 0.6ms
[2021-11-30T22:53:35.918+0000][2.587s] GC(4)   Other: 0.6ms
[2021-11-30T22:53:35.918+0000][2.587s] GC(4) Eden regions: 50->0(120)
[2021-11-30T22:53:35.918+0000][2.588s] GC(4) Survivor regions: 5->6(15)
[2021-11-30T22:53:35.918+0000][2.588s] GC(4) Old regions: 21->21
[2021-11-30T22:53:35.919+0000][2.588s] GC(4) Humongous regions: 4->4
[2021-11-30T22:53:35.919+0000][2.588s] GC(4) Metaspace: 34945K->34945K(1081344K)
[2021-11-30T22:53:35.919+0000][2.589s] GC(4) Pause Young (Concurrent Start) (Metadata GC Threshold) 77M->29M(512M) 9.361ms
[2021-11-30T22:53:35.919+0000][2.589s] GC(4) User=0.05s Sys=0.00s Real=0.01s
[2021-11-30T22:53:35.919+0000][2.589s] GC(5) Concurrent Cycle
[2021-11-30T22:53:35.920+0000][2.589s] GC(5) Concurrent Clear Claimed Marks
[2021-11-30T22:53:35.920+0000][2.589s] GC(5) Concurrent Clear Claimed Marks 0.189ms
[2021-11-30T22:53:35.920+0000][2.589s] GC(5) Concurrent Scan Root Regions
[2021-11-30T22:53:35.922+0000][2.592s] GC(5) Concurrent Scan Root Regions 2.324ms
[2021-11-30T22:53:35.923+0000][2.592s] GC(5) Concurrent Mark (2.592s)
[2021-11-30T22:53:35.923+0000][2.592s] GC(5) Concurrent Mark From Roots
[2021-11-30T22:53:35.923+0000][2.593s] GC(5) Using 3 workers of 3 for marking
[2021-11-30T22:53:35.935+0000][2.605s] GC(5) Concurrent Mark From Roots 12.271ms
[2021-11-30T22:53:35.936+0000][2.605s] GC(5) Concurrent Preclean
[2021-11-30T22:53:35.936+0000][2.605s] GC(5) Concurrent Preclean 0.522ms
[2021-11-30T22:53:35.936+0000][2.606s] GC(5) Concurrent Mark (2.592s, 2.606s) 13.449ms
[2021-11-30T22:53:35.937+0000][2.606s] GC(5) Pause Remark
[2021-11-30T22:53:35.940+0000][2.609s] GC(5) Cleaned string and symbol table, strings: 15614 processed, 27 removed, symbols: 102505 processed, 125 removed
[2021-11-30T22:53:35.940+0000][2.610s] GC(5) Pause Remark 31M->31M(512M) 3.517ms
[2021-11-30T22:53:35.941+0000][2.610s] GC(5) User=0.02s Sys=0.00s Real=0.00s
[2021-11-30T22:53:35.941+0000][2.610s] GC(5) Concurrent Rebuild Remembered Sets
[2021-11-30T22:53:35.948+0000][2.618s] GC(5) Concurrent Rebuild Remembered Sets 7.189ms
[2021-11-30T22:53:35.949+0000][2.618s] GC(5) Pause Cleanup
[2021-11-30T22:53:35.949+0000][2.619s] GC(5) Pause Cleanup 32M->32M(512M) 0.443ms
[2021-11-30T22:53:35.949+0000][2.619s] GC(5) User=0.00s Sys=0.00s Real=0.00s
[2021-11-30T22:53:35.950+0000][2.619s] GC(5) Concurrent Cleanup for Next Mark
[2021-11-30T22:53:35.950+0000][2.620s] GC(5) Concurrent Cleanup for Next Mark 0.861ms
[2021-11-30T22:53:35.951+0000][2.620s] GC(5) Concurrent Cycle 31.191ms
[2021-11-30T22:53:36.743+0000][3.412s] GC(6) Pause Young (Normal) (G1 Evacuation Pause)
[2021-11-30T22:53:36.743+0000][3.412s] GC(6) Using 10 workers of 10 for evacuation
[2021-11-30T22:53:36.748+0000][3.417s] GC(6)   Pre Evacuate Collection Set: 0.0ms
[2021-11-30T22:53:36.748+0000][3.417s] GC(6)   Evacuate Collection Set: 3.6ms
[2021-11-30T22:53:36.748+0000][3.418s] GC(6)   Post Evacuate Collection Set: 0.9ms
[2021-11-30T22:53:36.749+0000][3.418s] GC(6)   Other: 0.6ms
[2021-11-30T22:53:36.749+0000][3.418s] GC(6) Eden regions: 120->0(177)
[2021-11-30T22:53:36.749+0000][3.418s] GC(6) Survivor regions: 6->10(16)
[2021-11-30T22:53:36.749+0000][3.419s] GC(6) Old regions: 21->21
[2021-11-30T22:53:36.749+0000][3.419s] GC(6) Humongous regions: 4->4
[2021-11-30T22:53:36.750+0000][3.419s] GC(6) Metaspace: 42590K->42590K(1087488K)
[2021-11-30T22:53:36.750+0000][3.419s] GC(6) Pause Young (Normal) (G1 Evacuation Pause) 149M->32M(512M) 7.154ms
[2021-11-30T22:53:36.750+0000][3.419s] GC(6) User=0.05s Sys=0.00s Real=0.01s
[2021-11-30T23:01:37.553+0000][484.222s] Heap
[2021-11-30T23:01:37.553+0000][484.222s]  garbage-first heap   total 524288K, used 190392K [0x00000000e0000000, 0x0000000100000000)
[2021-11-30T23:01:37.553+0000][484.222s]   region size 1024K, 162 young (165888K), 10 survivors (10240K)
[2021-11-30T23:01:37.553+0000][484.223s]  Metaspace       used 51611K, capacity 52984K, committed 53148K, reserved 1095680K
[2021-11-30T23:01:37.553+0000][484.223s]   class space    used 6285K, capacity 6840K, committed 6936K, reserved 1048576K
