[2021-11-30T23:17:26.585+0000][0.043s] Heap region size: 1M
[2021-11-30T23:17:26.668+0000][0.126s] Using G1
[2021-11-30T23:17:26.669+0000][0.126s] Heap address: 0x00000000e0000000, size: 512 MB, Compressed Oops mode: 32-bit
[2021-11-30T23:17:26.669+0000][0.126s] Mark closed archive regions in map: [0x00000000fff00000, 0x00000000fff63ff8]
[2021-11-30T23:17:26.669+0000][0.127s] Mark open archive regions in map: [0x00000000ffe00000, 0x00000000ffe41ff8]
[2021-11-30T23:17:27.114+0000][0.572s] GC(0) Pause Young (Normal) (G1 Evacuation Pause)
[2021-11-30T23:17:27.116+0000][0.573s] GC(0) Using 10 workers of 10 for evacuation
[2021-11-30T23:17:27.131+0000][0.589s] GC(0)   Pre Evacuate Collection Set: 0.0ms
[2021-11-30T23:17:27.132+0000][0.589s] GC(0)   Evacuate Collection Set: 6.6ms
[2021-11-30T23:17:27.132+0000][0.589s] GC(0)   Post Evacuate Collection Set: 0.7ms
[2021-11-30T23:17:27.132+0000][0.589s] GC(0)   Other: 9.6ms
[2021-11-30T23:17:27.132+0000][0.590s] GC(0) Eden regions: 30->0(304)
[2021-11-30T23:17:27.133+0000][0.590s] GC(0) Survivor regions: 0->3(4)
[2021-11-30T23:17:27.133+0000][0.590s] GC(0) Old regions: 2->2
[2021-11-30T23:17:27.133+0000][0.590s] GC(0) Humongous regions: 0->0
[2021-11-30T23:17:27.133+0000][0.591s] GC(0) Metaspace: 6486K->6486K(1056768K)
[2021-11-30T23:17:27.134+0000][0.591s] GC(0) Pause Young (Normal) (G1 Evacuation Pause) 30M->3M(512M) 19.319ms
[2021-11-30T23:17:27.134+0000][0.591s] GC(0) User=0.07s Sys=0.01s Real=0.02s
[2021-11-30T23:17:27.991+0000][1.448s] GC(1) Pause Young (Concurrent Start) (Metadata GC Threshold)
[2021-11-30T23:17:27.991+0000][1.449s] GC(1) Using 10 workers of 10 for evacuation
[2021-11-30T23:17:28.010+0000][1.467s] GC(1)   Pre Evacuate Collection Set: 0.1ms
[2021-11-30T23:17:28.010+0000][1.468s] GC(1)   Evacuate Collection Set: 16.0ms
[2021-11-30T23:17:28.011+0000][1.468s] GC(1)   Post Evacuate Collection Set: 2.3ms
[2021-11-30T23:17:28.011+0000][1.468s] GC(1)   Other: 0.8ms
[2021-11-30T23:17:28.011+0000][1.468s] GC(1) Eden regions: 94->0(89)
[2021-11-30T23:17:28.011+0000][1.469s] GC(1) Survivor regions: 3->20(39)
[2021-11-30T23:17:28.012+0000][1.469s] GC(1) Old regions: 2->2
[2021-11-30T23:17:28.012+0000][1.469s] GC(1) Humongous regions: 4->4
[2021-11-30T23:17:28.012+0000][1.469s] GC(1) Metaspace: 20501K->20501K(1069056K)
[2021-11-30T23:17:28.012+0000][1.469s] GC(1) Pause Young (Concurrent Start) (Metadata GC Threshold) 100M->23M(512M) 21.137ms
[2021-11-30T23:17:28.012+0000][1.470s] GC(1) User=0.13s Sys=0.01s Real=0.02s
[2021-11-30T23:17:28.012+0000][1.470s] GC(2) Concurrent Cycle
[2021-11-30T23:17:28.013+0000][1.470s] GC(2) Concurrent Clear Claimed Marks
[2021-11-30T23:17:28.013+0000][1.470s] GC(2) Concurrent Clear Claimed Marks 0.245ms
[2021-11-30T23:17:28.013+0000][1.470s] GC(2) Concurrent Scan Root Regions
[2021-11-30T23:17:28.018+0000][1.475s] GC(2) Concurrent Scan Root Regions 4.846ms
[2021-11-30T23:17:28.018+0000][1.475s] GC(2) Concurrent Mark (1.475s)
[2021-11-30T23:17:28.018+0000][1.476s] GC(2) Concurrent Mark From Roots
[2021-11-30T23:17:28.019+0000][1.476s] GC(2) Using 3 workers of 3 for marking
[2021-11-30T23:17:28.025+0000][1.483s] GC(2) Concurrent Mark From Roots 6.836ms
[2021-11-30T23:17:28.026+0000][1.483s] GC(2) Concurrent Preclean
[2021-11-30T23:17:28.026+0000][1.484s] GC(2) Concurrent Preclean 0.743ms
[2021-11-30T23:17:28.027+0000][1.484s] GC(2) Concurrent Mark (1.475s, 1.484s) 8.399ms
[2021-11-30T23:17:28.027+0000][1.485s] GC(2) Pause Remark
[2021-11-30T23:17:28.034+0000][1.491s] GC(2) Cleaned string and symbol table, strings: 9056 processed, 0 removed, symbols: 61239 processed, 38 removed
[2021-11-30T23:17:28.034+0000][1.491s] GC(2) Pause Remark 24M->24M(512M) 6.718ms
[2021-11-30T23:17:28.034+0000][1.491s] GC(2) User=0.05s Sys=0.01s Real=0.00s
[2021-11-30T23:17:28.034+0000][1.492s] GC(2) Concurrent Rebuild Remembered Sets
[2021-11-30T23:17:28.039+0000][1.496s] GC(2) Concurrent Rebuild Remembered Sets 4.669ms
[2021-11-30T23:17:28.040+0000][1.497s] GC(2) Pause Cleanup
[2021-11-30T23:17:28.040+0000][1.497s] GC(2) Pause Cleanup 25M->25M(512M) 0.362ms
[2021-11-30T23:17:28.040+0000][1.497s] GC(2) User=0.00s Sys=0.00s Real=0.00s
[2021-11-30T23:17:28.040+0000][1.498s] GC(2) Concurrent Cleanup for Next Mark
[2021-11-30T23:17:28.042+0000][1.499s] GC(2) Concurrent Cleanup for Next Mark 1.262ms
[2021-11-30T23:17:28.042+0000][1.499s] GC(2) Concurrent Cycle 29.355ms
[2021-11-30T23:17:28.751+0000][2.208s] GC(3) Pause Young (Normal) (G1 Evacuation Pause)
[2021-11-30T23:17:28.751+0000][2.209s] GC(3) Using 10 workers of 10 for evacuation
[2021-11-30T23:17:28.760+0000][2.217s] GC(3)   Pre Evacuate Collection Set: 0.0ms
[2021-11-30T23:17:28.760+0000][2.217s] GC(3)   Evacuate Collection Set: 7.1ms
[2021-11-30T23:17:28.760+0000][2.218s] GC(3)   Post Evacuate Collection Set: 0.9ms
[2021-11-30T23:17:28.761+0000][2.218s] GC(3)   Other: 0.6ms
[2021-11-30T23:17:28.761+0000][2.218s] GC(3) Eden regions: 77->0(112)
[2021-11-30T23:17:28.761+0000][2.218s] GC(3) Survivor regions: 20->5(13)
[2021-11-30T23:17:28.761+0000][2.219s] GC(3) Old regions: 2->21
[2021-11-30T23:17:28.762+0000][2.219s] GC(3) Humongous regions: 4->4
[2021-11-30T23:17:28.762+0000][2.219s] GC(3) Metaspace: 28938K->28938K(1075200K)
[2021-11-30T23:17:28.762+0000][2.219s] GC(3) Pause Young (Normal) (G1 Evacuation Pause) 100M->27M(512M) 11.022ms
[2021-11-30T23:17:28.762+0000][2.220s] GC(3) User=0.08s Sys=0.00s Real=0.01s
[2021-11-30T23:17:29.168+0000][2.626s] GC(4) Pause Young (Concurrent Start) (Metadata GC Threshold)
[2021-11-30T23:17:29.169+0000][2.626s] GC(4) Using 10 workers of 10 for evacuation
[2021-11-30T23:17:29.180+0000][2.637s] GC(4)   Pre Evacuate Collection Set: 0.1ms
[2021-11-30T23:17:29.180+0000][2.637s] GC(4)   Evacuate Collection Set: 5.5ms
[2021-11-30T23:17:29.180+0000][2.638s] GC(4)   Post Evacuate Collection Set: 4.8ms
[2021-11-30T23:17:29.181+0000][2.638s] GC(4)   Other: 0.9ms
[2021-11-30T23:17:29.181+0000][2.638s] GC(4) Eden regions: 62->0(135)
[2021-11-30T23:17:29.181+0000][2.638s] GC(4) Survivor regions: 5->6(15)
[2021-11-30T23:17:29.181+0000][2.638s] GC(4) Old regions: 21->21
[2021-11-30T23:17:29.181+0000][2.639s] GC(4) Humongous regions: 4->4
[2021-11-30T23:17:29.182+0000][2.639s] GC(4) Metaspace: 34957K->34957K(1081344K)
[2021-11-30T23:17:29.182+0000][2.639s] GC(4) Pause Young (Concurrent Start) (Metadata GC Threshold) 89M->29M(512M) 13.359ms
[2021-11-30T23:17:29.182+0000][2.639s] GC(4) User=0.10s Sys=0.00s Real=0.01s
[2021-11-30T23:17:29.182+0000][2.639s] GC(5) Concurrent Cycle
[2021-11-30T23:17:29.182+0000][2.640s] GC(5) Concurrent Clear Claimed Marks
[2021-11-30T23:17:29.183+0000][2.640s] GC(5) Concurrent Clear Claimed Marks 0.228ms
[2021-11-30T23:17:29.183+0000][2.640s] GC(5) Concurrent Scan Root Regions
[2021-11-30T23:17:29.185+0000][2.642s] GC(5) Concurrent Scan Root Regions 2.294ms
[2021-11-30T23:17:29.185+0000][2.643s] GC(5) Concurrent Mark (2.643s)
[2021-11-30T23:17:29.186+0000][2.643s] GC(5) Concurrent Mark From Roots
[2021-11-30T23:17:29.186+0000][2.643s] GC(5) Using 3 workers of 3 for marking
[2021-11-30T23:17:29.197+0000][2.654s] GC(5) Concurrent Mark From Roots 10.992ms
[2021-11-30T23:17:29.197+0000][2.654s] GC(5) Concurrent Preclean
[2021-11-30T23:17:29.198+0000][2.655s] GC(5) Concurrent Preclean 0.622ms
[2021-11-30T23:17:29.198+0000][2.655s] GC(5) Concurrent Mark (2.643s, 2.655s) 12.422ms
[2021-11-30T23:17:29.198+0000][2.656s] GC(5) Pause Remark
[2021-11-30T23:17:29.203+0000][2.660s] GC(5) Cleaned string and symbol table, strings: 15634 processed, 27 removed, symbols: 102465 processed, 125 removed
[2021-11-30T23:17:29.203+0000][2.661s] GC(5) Pause Remark 31M->31M(512M) 4.856ms
[2021-11-30T23:17:29.204+0000][2.661s] GC(5) User=0.03s Sys=0.00s Real=0.00s
[2021-11-30T23:17:29.204+0000][2.661s] GC(5) Concurrent Rebuild Remembered Sets
[2021-11-30T23:17:29.210+0000][2.667s] GC(5) Concurrent Rebuild Remembered Sets 6.106ms
[2021-11-30T23:17:29.211+0000][2.668s] GC(5) Pause Cleanup
[2021-11-30T23:17:29.211+0000][2.668s] GC(5) Pause Cleanup 32M->32M(512M) 0.425ms
[2021-11-30T23:17:29.211+0000][2.669s] GC(5) User=0.01s Sys=0.00s Real=0.00s
[2021-11-30T23:17:29.212+0000][2.669s] GC(5) Concurrent Cleanup for Next Mark
[2021-11-30T23:17:29.213+0000][2.670s] GC(5) Concurrent Cleanup for Next Mark 0.906ms
[2021-11-30T23:17:29.213+0000][2.670s] GC(5) Concurrent Cycle 30.873ms
[2021-11-30T23:17:30.390+0000][3.847s] GC(6) Pause Young (Normal) (G1 Evacuation Pause)
[2021-11-30T23:17:30.390+0000][3.848s] GC(6) Using 10 workers of 10 for evacuation
[2021-11-30T23:17:30.395+0000][3.853s] GC(6)   Pre Evacuate Collection Set: 0.0ms
[2021-11-30T23:17:30.396+0000][3.853s] GC(6)   Evacuate Collection Set: 3.8ms
[2021-11-30T23:17:30.396+0000][3.853s] GC(6)   Post Evacuate Collection Set: 0.8ms
[2021-11-30T23:17:30.396+0000][3.854s] GC(6)   Other: 0.7ms
[2021-11-30T23:17:30.397+0000][3.854s] GC(6) Eden regions: 135->0(184)
[2021-11-30T23:17:30.397+0000][3.854s] GC(6) Survivor regions: 6->12(18)
[2021-11-30T23:17:30.397+0000][3.854s] GC(6) Old regions: 21->21
[2021-11-30T23:17:30.397+0000][3.855s] GC(6) Humongous regions: 4->4
[2021-11-30T23:17:30.398+0000][3.855s] GC(6) Metaspace: 43407K->43407K(1087488K)
[2021-11-30T23:17:30.398+0000][3.855s] GC(6) Pause Young (Normal) (G1 Evacuation Pause) 164M->35M(512M) 7.940ms
[2021-11-30T23:17:30.398+0000][3.855s] GC(6) User=0.04s Sys=0.00s Real=0.01s
[2021-11-30T23:19:57.401+0000][150.859s] Heap
[2021-11-30T23:19:57.402+0000][150.859s]  garbage-first heap   total 524288K, used 99714K [0x00000000e0000000, 0x0000000100000000)
[2021-11-30T23:19:57.402+0000][150.859s]   region size 1024K, 73 young (74752K), 12 survivors (12288K)
[2021-11-30T23:19:57.402+0000][150.859s]  Metaspace       used 48930K, capacity 50248K, committed 50588K, reserved 1093632K
[2021-11-30T23:19:57.402+0000][150.860s]   class space    used 6035K, capacity 6561K, committed 6680K, reserved 1048576K
