[2021-11-30T23:01:38.673+0000][0.027s] Heap region size: 1M
[2021-11-30T23:01:38.759+0000][0.113s] Using G1
[2021-11-30T23:01:38.759+0000][0.113s] Heap address: 0x00000000e0000000, size: 512 MB, Compressed Oops mode: 32-bit
[2021-11-30T23:01:38.760+0000][0.113s] Mark closed archive regions in map: [0x00000000fff00000, 0x00000000fff63ff8]
[2021-11-30T23:01:38.760+0000][0.114s] Mark open archive regions in map: [0x00000000ffe00000, 0x00000000ffe41ff8]
[2021-11-30T23:01:39.182+0000][0.535s] GC(0) Pause Young (Normal) (G1 Evacuation Pause)
[2021-11-30T23:01:39.183+0000][0.536s] GC(0) Using 10 workers of 10 for evacuation
[2021-11-30T23:01:39.198+0000][0.551s] GC(0)   Pre Evacuate Collection Set: 0.0ms
[2021-11-30T23:01:39.198+0000][0.551s] GC(0)   Evacuate Collection Set: 6.6ms
[2021-11-30T23:01:39.198+0000][0.552s] GC(0)   Post Evacuate Collection Set: 0.6ms
[2021-11-30T23:01:39.198+0000][0.552s] GC(0)   Other: 8.8ms
[2021-11-30T23:01:39.198+0000][0.552s] GC(0) Eden regions: 30->0(304)
[2021-11-30T23:01:39.198+0000][0.552s] GC(0) Survivor regions: 0->3(4)
[2021-11-30T23:01:39.199+0000][0.552s] GC(0) Old regions: 2->2
[2021-11-30T23:01:39.199+0000][0.552s] GC(0) Humongous regions: 0->0
[2021-11-30T23:01:39.199+0000][0.552s] GC(0) Metaspace: 6475K->6475K(1056768K)
[2021-11-30T23:01:39.199+0000][0.553s] GC(0) Pause Young (Normal) (G1 Evacuation Pause) 30M->3M(512M) 17.382ms
[2021-11-30T23:01:39.199+0000][0.553s] GC(0) User=0.08s Sys=0.00s Real=0.02s
[2021-11-30T23:01:40.018+0000][1.372s] GC(1) Pause Young (Concurrent Start) (Metadata GC Threshold)
[2021-11-30T23:01:40.019+0000][1.372s] GC(1) Using 10 workers of 10 for evacuation
[2021-11-30T23:01:40.030+0000][1.383s] GC(1)   Pre Evacuate Collection Set: 0.0ms
[2021-11-30T23:01:40.030+0000][1.384s] GC(1)   Evacuate Collection Set: 9.8ms
[2021-11-30T23:01:40.030+0000][1.384s] GC(1)   Post Evacuate Collection Set: 0.9ms
[2021-11-30T23:01:40.031+0000][1.384s] GC(1)   Other: 0.9ms
[2021-11-30T23:01:40.031+0000][1.385s] GC(1) Eden regions: 93->0(84)
[2021-11-30T23:01:40.031+0000][1.385s] GC(1) Survivor regions: 3->19(39)
[2021-11-30T23:01:40.032+0000][1.385s] GC(1) Old regions: 2->2
[2021-11-30T23:01:40.032+0000][1.386s] GC(1) Humongous regions: 4->4
[2021-11-30T23:01:40.032+0000][1.386s] GC(1) Metaspace: 20456K->20456K(1069056K)
[2021-11-30T23:01:40.033+0000][1.386s] GC(1) Pause Young (Concurrent Start) (Metadata GC Threshold) 100M->23M(512M) 14.476ms
[2021-11-30T23:01:40.033+0000][1.386s] GC(1) User=0.06s Sys=0.00s Real=0.01s
[2021-11-30T23:01:40.033+0000][1.387s] GC(2) Concurrent Cycle
[2021-11-30T23:01:40.033+0000][1.387s] GC(2) Concurrent Clear Claimed Marks
[2021-11-30T23:01:40.034+0000][1.387s] GC(2) Concurrent Clear Claimed Marks 0.219ms
[2021-11-30T23:01:40.034+0000][1.387s] GC(2) Concurrent Scan Root Regions
[2021-11-30T23:01:40.038+0000][1.391s] GC(2) Concurrent Scan Root Regions 3.701ms
[2021-11-30T23:01:40.038+0000][1.391s] GC(2) Concurrent Mark (1.391s)
[2021-11-30T23:01:40.038+0000][1.392s] GC(2) Concurrent Mark From Roots
[2021-11-30T23:01:40.038+0000][1.392s] GC(2) Using 3 workers of 3 for marking
[2021-11-30T23:01:40.047+0000][1.401s] GC(2) Concurrent Mark From Roots 9.513ms
[2021-11-30T23:01:40.048+0000][1.401s] GC(2) Concurrent Preclean
[2021-11-30T23:01:40.048+0000][1.402s] GC(2) Concurrent Preclean 0.400ms
[2021-11-30T23:01:40.048+0000][1.402s] GC(2) Concurrent Mark (1.391s, 1.402s) 10.399ms
[2021-11-30T23:01:40.049+0000][1.402s] GC(2) Pause Remark
[2021-11-30T23:01:40.050+0000][1.404s] GC(2) Cleaned string and symbol table, strings: 9068 processed, 0 removed, symbols: 61239 processed, 38 removed
[2021-11-30T23:01:40.051+0000][1.404s] GC(2) Pause Remark 25M->25M(512M) 1.997ms
[2021-11-30T23:01:40.051+0000][1.404s] GC(2) User=0.01s Sys=0.00s Real=0.00s
[2021-11-30T23:01:40.051+0000][1.405s] GC(2) Concurrent Rebuild Remembered Sets
[2021-11-30T23:01:40.053+0000][1.407s] GC(2) Concurrent Rebuild Remembered Sets 1.996ms
[2021-11-30T23:01:40.054+0000][1.407s] GC(2) Pause Cleanup
[2021-11-30T23:01:40.054+0000][1.408s] GC(2) Pause Cleanup 25M->25M(512M) 0.479ms
[2021-11-30T23:01:40.054+0000][1.408s] GC(2) User=0.00s Sys=0.00s Real=0.00s
[2021-11-30T23:01:40.055+0000][1.408s] GC(2) Concurrent Cleanup for Next Mark
[2021-11-30T23:01:40.055+0000][1.409s] GC(2) Concurrent Cleanup for Next Mark 0.679ms
[2021-11-30T23:01:40.056+0000][1.409s] GC(2) Concurrent Cycle 22.438ms
[2021-11-30T23:01:40.794+0000][2.147s] GC(3) Pause Young (Normal) (G1 Evacuation Pause)
[2021-11-30T23:01:40.794+0000][2.148s] GC(3) Using 10 workers of 10 for evacuation
[2021-11-30T23:01:40.803+0000][2.156s] GC(3)   Pre Evacuate Collection Set: 0.0ms
[2021-11-30T23:01:40.803+0000][2.157s] GC(3)   Evacuate Collection Set: 7.6ms
[2021-11-30T23:01:40.803+0000][2.157s] GC(3)   Post Evacuate Collection Set: 0.8ms
[2021-11-30T23:01:40.804+0000][2.157s] GC(3)   Other: 0.4ms
[2021-11-30T23:01:40.804+0000][2.157s] GC(3) Eden regions: 77->0(107)
[2021-11-30T23:01:40.804+0000][2.158s] GC(3) Survivor regions: 19->5(12)
[2021-11-30T23:01:40.804+0000][2.158s] GC(3) Old regions: 2->21
[2021-11-30T23:01:40.805+0000][2.158s] GC(3) Humongous regions: 4->4
[2021-11-30T23:01:40.805+0000][2.158s] GC(3) Metaspace: 29990K->29990K(1077248K)
[2021-11-30T23:01:40.805+0000][2.158s] GC(3) Pause Young (Normal) (G1 Evacuation Pause) 100M->27M(512M) 10.980ms
[2021-11-30T23:01:40.805+0000][2.159s] GC(3) User=0.08s Sys=0.00s Real=0.01s
[2021-11-30T23:01:41.160+0000][2.514s] GC(4) Pause Young (Concurrent Start) (Metadata GC Threshold)
[2021-11-30T23:01:41.160+0000][2.514s] GC(4) Using 10 workers of 10 for evacuation
[2021-11-30T23:01:41.170+0000][2.524s] GC(4)   Pre Evacuate Collection Set: 0.1ms
[2021-11-30T23:01:41.171+0000][2.524s] GC(4)   Evacuate Collection Set: 5.5ms
[2021-11-30T23:01:41.171+0000][2.524s] GC(4)   Post Evacuate Collection Set: 3.9ms
[2021-11-30T23:01:41.171+0000][2.524s] GC(4)   Other: 0.7ms
[2021-11-30T23:01:41.171+0000][2.525s] GC(4) Eden regions: 51->0(117)
[2021-11-30T23:01:41.171+0000][2.525s] GC(4) Survivor regions: 5->6(14)
[2021-11-30T23:01:41.172+0000][2.525s] GC(4) Old regions: 21->21
[2021-11-30T23:01:41.172+0000][2.525s] GC(4) Humongous regions: 4->4
[2021-11-30T23:01:41.172+0000][2.525s] GC(4) Metaspace: 34907K->34907K(1081344K)
[2021-11-30T23:01:41.172+0000][2.526s] GC(4) Pause Young (Concurrent Start) (Metadata GC Threshold) 78M->29M(512M) 12.094ms
[2021-11-30T23:01:41.172+0000][2.526s] GC(4) User=0.08s Sys=0.00s Real=0.01s
[2021-11-30T23:01:41.173+0000][2.526s] GC(5) Concurrent Cycle
[2021-11-30T23:01:41.173+0000][2.526s] GC(5) Concurrent Clear Claimed Marks
[2021-11-30T23:01:41.173+0000][2.527s] GC(5) Concurrent Clear Claimed Marks 0.236ms
[2021-11-30T23:01:41.173+0000][2.527s] GC(5) Concurrent Scan Root Regions
[2021-11-30T23:01:41.176+0000][2.529s] GC(5) Concurrent Scan Root Regions 2.233ms
[2021-11-30T23:01:41.176+0000][2.529s] GC(5) Concurrent Mark (2.529s)
[2021-11-30T23:01:41.176+0000][2.530s] GC(5) Concurrent Mark From Roots
[2021-11-30T23:01:41.176+0000][2.530s] GC(5) Using 3 workers of 3 for marking
[2021-11-30T23:01:41.188+0000][2.541s] GC(5) Concurrent Mark From Roots 11.792ms
[2021-11-30T23:01:41.188+0000][2.542s] GC(5) Concurrent Preclean
[2021-11-30T23:01:41.189+0000][2.542s] GC(5) Concurrent Preclean 0.553ms
[2021-11-30T23:01:41.189+0000][2.542s] GC(5) Concurrent Mark (2.529s, 2.542s) 13.015ms
[2021-11-30T23:01:41.190+0000][2.543s] GC(5) Pause Remark
[2021-11-30T23:01:41.192+0000][2.546s] GC(5) Cleaned string and symbol table, strings: 15591 processed, 27 removed, symbols: 102317 processed, 123 removed
[2021-11-30T23:01:41.193+0000][2.546s] GC(5) Pause Remark 32M->32M(512M) 3.342ms
[2021-11-30T23:01:41.193+0000][2.547s] GC(5) User=0.02s Sys=0.00s Real=0.00s
[2021-11-30T23:01:41.193+0000][2.547s] GC(5) Concurrent Rebuild Remembered Sets
[2021-11-30T23:01:41.200+0000][2.554s] GC(5) Concurrent Rebuild Remembered Sets 6.817ms
[2021-11-30T23:01:41.201+0000][2.554s] GC(5) Pause Cleanup
[2021-11-30T23:01:41.201+0000][2.555s] GC(5) Pause Cleanup 33M->33M(512M) 0.433ms
[2021-11-30T23:01:41.201+0000][2.555s] GC(5) User=0.00s Sys=0.00s Real=0.00s
[2021-11-30T23:01:41.202+0000][2.555s] GC(5) Concurrent Cleanup for Next Mark
[2021-11-30T23:01:41.202+0000][2.556s] GC(5) Concurrent Cleanup for Next Mark 0.894ms
[2021-11-30T23:01:41.203+0000][2.556s] GC(5) Concurrent Cycle 29.931ms
[2021-11-30T23:01:42.048+0000][3.402s] GC(6) Pause Young (Normal) (G1 Evacuation Pause)
[2021-11-30T23:01:42.049+0000][3.402s] GC(6) Using 10 workers of 10 for evacuation
[2021-11-30T23:01:42.054+0000][3.407s] GC(6)   Pre Evacuate Collection Set: 0.0ms
[2021-11-30T23:01:42.054+0000][3.408s] GC(6)   Evacuate Collection Set: 3.6ms
[2021-11-30T23:01:42.054+0000][3.408s] GC(6)   Post Evacuate Collection Set: 1.4ms
[2021-11-30T23:01:42.055+0000][3.408s] GC(6)   Other: 0.5ms
[2021-11-30T23:01:42.055+0000][3.408s] GC(6) Eden regions: 117->0(170)
[2021-11-30T23:01:42.055+0000][3.408s] GC(6) Survivor regions: 6->10(16)
[2021-11-30T23:01:42.055+0000][3.409s] GC(6) Old regions: 21->21
[2021-11-30T23:01:42.055+0000][3.409s] GC(6) Humongous regions: 4->4
[2021-11-30T23:01:42.056+0000][3.409s] GC(6) Metaspace: 41438K->41438K(1087488K)
[2021-11-30T23:01:42.056+0000][3.409s] GC(6) Pause Young (Normal) (G1 Evacuation Pause) 146M->32M(512M) 7.545ms
[2021-11-30T23:01:42.056+0000][3.410s] GC(6) User=0.05s Sys=0.02s Real=0.01s
[2021-11-30T23:07:11.822+0000][333.175s] Heap
[2021-11-30T23:07:11.822+0000][333.175s]  garbage-first heap   total 524288K, used 131379K [0x00000000e0000000, 0x0000000100000000)
[2021-11-30T23:07:11.822+0000][333.176s]   region size 1024K, 105 young (107520K), 10 survivors (10240K)
[2021-11-30T23:07:11.822+0000][333.176s]  Metaspace       used 49999K, capacity 51306K, committed 51484K, reserved 1093632K
[2021-11-30T23:07:11.822+0000][333.176s]   class space    used 6171K, capacity 6702K, committed 6808K, reserved 1048576K
